<html>
<body>
<pre>
<h1>礦ision Build Log</h1>
<h2>Project:</h2>
C:\Users\ycg\Desktop\sitp电控\平衡云台.uvprojx
Project File Date:  05/10/2015

<h2>Output:</h2>
Rebuild target 'Target 1'
compiling main.c...
compiling bsp_usart1.c...
compiling systick_delay.c...
compiling pwm_output.c...
compiling anbt_dmp_driver.c...
compiling anbt_dmp_mpu6050.c...
compiling anbt_i2c.c...
assembling startup_stm32f10x_hd.s...
compiling system_stm32f10x.c...
compiling misc.c...
compiling stm32f10x_adc.c...
compiling stm32f10x_dma.c...
compiling stm32f10x_exti.c...
compiling stm32f10x_gpio.c...
compiling stm32f10x_i2c.c...
compiling stm32f10x_rcc.c...
compiling stm32f10x_spi.c...
compiling stm32f10x_tim.c...
compiling stm32f10x_usart.c...
compiling DMA_STM32F10x.c...
compiling GPIO_STM32F10x.c...
linking...
Program Size: Code=19032 RO-data=3720 RW-data=104 ZI-data=2064  
FromELF: creating hex file...
".\平衡云台.axf" - 0 Error(s), 0 Warning(s).

<h2>Software Packages used:</h2>

Package Vendor: ARM
                http://www.keil.com/pack/ARM.CMSIS.4.1.1.pack
                ARM::CMSIS:DSP:1.4.2
                CMSIS (Cortex Microcontroller Software Interface Standard)
   * Component: DSP Version: 1.4.2
   * Component: CORE Version: 3.30.0

Package Vendor: Keil
                http://www.keil.com/pack/Keil.STM32F1xx_DFP.1.0.5.pack
                Keil::Device:StdPeriph Drivers:RCC:3.5.0
                STMicroelectronics STM32F1 Series Device Support, Drivers and Examples
   * Component: RCC Version: 3.5.0
   * Component: I2C Version: 3.5.0
   * Component: TIM Version: 3.5.0
   * Component: USART Version: 3.5.0
   * Component: ADC Version: 3.5.0
   * Component: Framework Version: 3.5.1
   * Component: EXTI Version: 3.5.0
   * Component: Startup Version: 1.0.0
   * Component: DMA Version: 3.5.0
   * Component: GPIO Version: 3.5.0
   * Component: SPI Version: 3.5.0
   * Component: DMA Version: 1.01.0
   * Component: GPIO Version: 1.01.0

<h2>Collection of Component include folders:</h2>
  C:\Users\ycg\Desktop\sitp电控\RTE
  C:\Users\ycg\Desktop\sitp电控\RTE\Device\STM32F103RC
  d:\Keil_v5\ARM\PACK\ARM\CMSIS\4.1.1\CMSIS\Include
  d:\Keil_v5\ARM\PACK\Keil\STM32F1xx_DFP\1.0.5\Device\Include
  d:\Keil_v5\ARM\PACK\Keil\STM32F1xx_DFP\1.0.5\Device\StdPeriph_Driver\inc
  d:\Keil_v5\ARM\PACK\Keil\STM32F1xx_DFP\1.0.5\RTE_Driver

<h2>Collection of Component Files used:</h2>

   * Component: ARM::CMSIS:DSP:1.4.2
      Include file:  CMSIS\Include\arm_math.h
      Library file:  CMSIS\Lib\ARM\arm_cortexM3l_math.lib

   * Component: ARM::CMSIS:CORE:3.30.0
      Source file:   CMSIS\UserCodeTemplates\ARM\ITM_Retarget.c

   * Component: Keil::Device:StdPeriph Drivers:RCC:3.5.0
      Include file:  Device\StdPeriph_Driver\inc\stm32f10x_rcc.h
      Source file:   Device\StdPeriph_Driver\src\stm32f10x_rcc.c

   * Component: Keil::Device:StdPeriph Drivers:I2C:3.5.0
      Include file:  Device\StdPeriph_Driver\inc\stm32f10x_i2c.h
      Source file:   Device\StdPeriph_Driver\src\stm32f10x_i2c.c

   * Component: Keil::Device:StdPeriph Drivers:TIM:3.5.0
      Source file:   Device\StdPeriph_Driver\src\stm32f10x_tim.c
      Include file:  Device\StdPeriph_Driver\inc\stm32f10x_tim.h

   * Component: Keil::Device:StdPeriph Drivers:USART:3.5.0
      Include file:  Device\StdPeriph_Driver\inc\stm32f10x_usart.h
      Source file:   Device\StdPeriph_Driver\src\stm32f10x_usart.c

   * Component: Keil::Device:StdPeriph Drivers:ADC:3.5.0
      Include file:  Device\StdPeriph_Driver\inc\stm32f10x_adc.h
      Source file:   Device\StdPeriph_Driver\src\stm32f10x_adc.c

   * Component: Keil::Device:StdPeriph Drivers:Framework:3.5.1
      Source file:   Device\StdPeriph_Driver\templates\stm32f10x_conf.h
      Source file:   Device\StdPeriph_Driver\src\misc.c
      Source file:   Device\StdPeriph_Driver\templates\stm32f10x_it.c

   * Component: Keil::Device:StdPeriph Drivers:EXTI:3.5.0
      Include file:  Device\StdPeriph_Driver\inc\stm32f10x_exti.h
      Source file:   Device\StdPeriph_Driver\src\stm32f10x_exti.c

   * Component: Keil::Device:Startup:1.0.0
      Source file:   Device\Source\ARM\startup_stm32f10x_hd.s
      Source file:   Device\Source\ARM\STM32F1xx_OPT.s
      Include file:  RTE_Driver\Config\RTE_Device.h
      Source file:   Device\Source\system_stm32f10x.c

   * Component: Keil::Device:StdPeriph Drivers:DMA:3.5.0
      Source file:   Device\StdPeriph_Driver\src\stm32f10x_dma.c
      Include file:  Device\StdPeriph_Driver\inc\stm32f10x_dma.h

   * Component: Keil::Device:StdPeriph Drivers:GPIO:3.5.0
      Include file:  Device\StdPeriph_Driver\inc\stm32f10x_gpio.h
      Source file:   Device\StdPeriph_Driver\src\stm32f10x_gpio.c

   * Component: Keil::Device:StdPeriph Drivers:SPI:3.5.0
      Include file:  Device\StdPeriph_Driver\inc\stm32f10x_spi.h
      Source file:   Device\StdPeriph_Driver\src\stm32f10x_spi.c

   * Component: Keil::Device:DMA:1.01.0
      Include file:  RTE_Driver\DMA_STM32F10x.h
      Source file:   RTE_Driver\DMA_STM32F10x.c

   * Component: Keil::Device:GPIO:1.01.0
      Source file:   RTE_Driver\GPIO_STM32F10x.c
      Include file:  RTE_Driver\GPIO_STM32F10x.h
Load "C:\\Users\\ycg\\Desktop\\sitp电控\\平衡云台.axf" 
Erase Done.
Programming Done.
Verify OK.
Application running ...
</pre>
</body>
</html>
TM32F10x.c
      Include file:  RTE_Driver\GPIO_STM32F10x.h
Target not created
compiling main.c...
"main.c" - 0 Error(s), 0 Warning(s).
g inv_mpu_dmp_motion_driver.c...
"mpu6050_eMPL\DMP\inv_mpu_dmp_motion_driver.c" - 0 Error(s), 0 Warning(s).
compiling inv_mpu.c...
.\mpu6050_eMPL\noDMP\mpu6050.h(3): error:  #5: cannot open source input file "myiic.h": No such file or directory
  #include "myiic.h"                                                                                                      
mpu6050_eMPL\DMP\inv_mpu.c: 0 warnings, 1 error
"mpu6050_eMPL\DMP\inv_mpu.c" - 1 Error(s), 0 Warning(s).
compiling anbt_i2c.c...
"mpu6050_eMPL\6050DMP\anbt_i2c.c" - 0 Error(s), 0 Warning(s).
compiling anbt_dmp_mpu6050.c...
mpu6050_eMPL\6050DMP\anbt_dmp_mpu6050.c(1188): warning:  #225-D: the format string ends before this argument
        if(!mpu_set_dmp_state(1)) printf("9.Dmp启动成功",13);                           //DMP成功开启
mpu6050_eMPL\6050DMP\anbt_dmp_mpu6050.c(1189): warning:  #225-D: the format string ends before this argument
        else printf("9.Dmp启动失败",13);                                        //Dmp启动失败
mpu6050_eMPL\6050DMP\anbt_dmp_mpu6050.c: 2 warnings, 0 errors
"mpu6050_eMPL\6050DMP\anbt_dmp_mpu6050.c" - 0 Error(s), 2 Warning(s).
compiling anbt_dmp_mpu6050.c...
"mpu6050_eMPL\6050DMP\anbt_dmp_mpu6050.c" - 0 Error(s), 0 Warning(s).
compiling anbt_dmp_driver.c...
"mpu6050_eMPL\6050DMP\anbt_dmp_driver.c" - 0 Error(s), 0 Warning(s).
assembling startup_stm32f10x_hd.s...
"RTE\Device\STM32F103RC\startup_stm32f10x_hd.s" - 0 Error(s), 0 Warning(s).
compiling systick_delay.c...
"delay\systick_delay.c" - 0 Error(s), 0 Warning(s).
compiling main.c...
"main.c" - 0 Error(s), 0 Warning(s).
