Product: MDK-ARM Professional 5.10
Component: ARM Compiler 5.04 update 1 (build 49)
Tool: armlink [5040049]

==============================================================================

Section Cross References

    main.o(i.main) refers to bsp_usart1.o(i.USART1_Config) for USART1_Config
    main.o(i.main) refers to tim3_pwm_output.o(i.TIM3_PWM_Init) for TIM3_PWM_Init
    main.o(i.main) refers to tim4_pwm_output.o(i.TIM4_PWM_Init) for TIM4_PWM_Init
    main.o(i.main) refers to anbt_i2c.o(i.ANBT_I2C_Configuration) for ANBT_I2C_Configuration
    main.o(i.main) refers to systick_delay.o(i.Delay_ms) for Delay_ms
    main.o(i.main) refers to anbt_dmp_mpu6050.o(i.AnBT_DMP_MPU6050_Init) for AnBT_DMP_MPU6050_Init
    main.o(i.main) refers to anbt_dmp_driver.o(i.dmp_read_fifo) for dmp_read_fifo
    main.o(i.main) refers to fflti.o(.text) for __aeabi_i2f
    main.o(i.main) refers to fscalb.o(.text) for __ARM_scalbnf
    main.o(i.main) refers to fmul.o(.text) for __aeabi_fmul
    main.o(i.main) refers to fadd.o(.text) for __aeabi_fadd
    main.o(i.main) refers to f2d.o(.text) for __aeabi_f2d
    main.o(i.main) refers to asin.o(i.asin) for asin
    main.o(i.main) refers to dmul.o(.text) for __aeabi_dmul
    main.o(i.main) refers to d2f.o(.text) for __aeabi_d2f
    main.o(i.main) refers to atan2.o(i.atan2) for atan2
    main.o(i.main) refers to printfa.o(i.__0printf) for __2printf
    main.o(i.main) refers to pid.o(i.PID_Control_1) for PID_Control_1
    main.o(i.main) refers to tim4_pwm_output.o(i.TIM4_CH3_direction_action) for TIM4_CH3_direction_action
    stm32f10x_it.o(i.USART1_IRQHandler) refers to stm32f10x_usart.o(i.USART_GetITStatus) for USART_GetITStatus
    stm32f10x_it.o(i.USART1_IRQHandler) refers to stm32f10x_usart.o(i.USART_ReceiveData) for USART_ReceiveData
    bsp_usart1.o(i.USART1_Config) refers to stm32f10x_rcc.o(i.RCC_APB2PeriphClockCmd) for RCC_APB2PeriphClockCmd
    bsp_usart1.o(i.USART1_Config) refers to stm32f10x_gpio.o(i.GPIO_Init) for GPIO_Init
    bsp_usart1.o(i.USART1_Config) refers to stm32f10x_usart.o(i.USART_Init) for USART_Init
    bsp_usart1.o(i.USART1_Config) refers to stm32f10x_usart.o(i.USART_Cmd) for USART_Cmd
    bsp_usart1.o(i.USART1_Config) refers to misc.o(i.NVIC_PriorityGroupConfig) for NVIC_PriorityGroupConfig
    bsp_usart1.o(i.USART1_Config) refers to misc.o(i.NVIC_Init) for NVIC_Init
    bsp_usart1.o(i.USART1_Config) refers to stm32f10x_usart.o(i.USART_ITConfig) for USART_ITConfig
    bsp_usart1.o(i.fgetc) refers to stm32f10x_usart.o(i.USART_GetFlagStatus) for USART_GetFlagStatus
    bsp_usart1.o(i.fgetc) refers to stm32f10x_usart.o(i.USART_ReceiveData) for USART_ReceiveData
    bsp_usart1.o(i.fputc) refers to stm32f10x_usart.o(i.USART_SendData) for USART_SendData
    bsp_usart1.o(i.fputc) refers to stm32f10x_usart.o(i.USART_GetFlagStatus) for USART_GetFlagStatus
    systick_delay.o(i.Delay_ms) refers to systick_delay.o(i.Delay_us) for Delay_us
    tim3_pwm_output.o(i.TIM3_CH1_Mode_Config) refers to stm32f10x_tim.o(i.TIM_OC1Init) for TIM_OC1Init
    tim3_pwm_output.o(i.TIM3_CH1_Mode_Config) refers to stm32f10x_tim.o(i.TIM_OC1PreloadConfig) for TIM_OC1PreloadConfig
    tim3_pwm_output.o(i.TIM3_CH1_Mode_Config) refers to stm32f10x_tim.o(i.TIM_ARRPreloadConfig) for TIM_ARRPreloadConfig
    tim3_pwm_output.o(i.TIM3_CH1_Mode_Config) refers to stm32f10x_tim.o(i.TIM_Cmd) for TIM_Cmd
    tim3_pwm_output.o(i.TIM3_CH2_Mode_Config) refers to stm32f10x_tim.o(i.TIM_OC2Init) for TIM_OC2Init
    tim3_pwm_output.o(i.TIM3_CH2_Mode_Config) refers to stm32f10x_tim.o(i.TIM_OC2PreloadConfig) for TIM_OC2PreloadConfig
    tim3_pwm_output.o(i.TIM3_CH2_Mode_Config) refers to stm32f10x_tim.o(i.TIM_ARRPreloadConfig) for TIM_ARRPreloadConfig
    tim3_pwm_output.o(i.TIM3_CH2_Mode_Config) refers to stm32f10x_tim.o(i.TIM_Cmd) for TIM_Cmd
    tim3_pwm_output.o(i.TIM3_Mode_Config) refers to stm32f10x_tim.o(i.TIM_TimeBaseInit) for TIM_TimeBaseInit
    tim3_pwm_output.o(i.TIM3_PWM_Init) refers to stm32f10x_rcc.o(i.RCC_APB1PeriphClockCmd) for RCC_APB1PeriphClockCmd
    tim3_pwm_output.o(i.TIM3_PWM_Init) refers to stm32f10x_rcc.o(i.RCC_APB2PeriphClockCmd) for RCC_APB2PeriphClockCmd
    tim3_pwm_output.o(i.TIM3_PWM_Init) refers to stm32f10x_gpio.o(i.GPIO_Init) for GPIO_Init
    tim3_pwm_output.o(i.TIM3_PWM_Init) refers to tim3_pwm_output.o(i.TIM3_Mode_Config) for TIM3_Mode_Config
    tim3_pwm_output.o(i.TIM3_PWM_Init) refers to tim3_pwm_output.o(i.TIM3_CH1_Mode_Config) for TIM3_CH1_Mode_Config
    tim3_pwm_output.o(i.TIM3_PWM_Init) refers to tim3_pwm_output.o(i.TIM3_CH2_Mode_Config) for TIM3_CH2_Mode_Config
    tim3_pwm_output.o(i.TIM3_PWM_Init) refers to tim3_pwm_output.o(i.TIM3_direction_gpio_config) for TIM3_direction_gpio_config
    tim3_pwm_output.o(i.TIM3_direction_action) refers to stm32f10x_gpio.o(i.GPIO_ResetBits) for GPIO_ResetBits
    tim3_pwm_output.o(i.TIM3_direction_action) refers to stm32f10x_gpio.o(i.GPIO_SetBits) for GPIO_SetBits
[...]
    cfrcmple.s                               0x00000000   Number         0  cfrcmple.o ABSOLUTE
    d:\Keil_v5\ARM\PACK\Keil\STM32F1xx_DFP\1.0.5\Device\StdPeriph_Driver\src\misc.c 0x00000000   Number         0  misc.o ABSOLUTE
    d:\Keil_v5\ARM\PACK\Keil\STM32F1xx_DFP\1.0.5\Device\StdPeriph_Driver\src\stm32f10x_adc.c 0x00000000   Number         0  stm32f10x_adc.o ABSOLUTE
    d:\Keil_v5\ARM\PACK\Keil\STM32F1xx_DFP\1.0.5\Device\StdPeriph_Driver\src\stm32f10x_dma.c 0x00000000   Number         0  stm32f10x_dma.o ABSOLUTE
    d:\Keil_v5\ARM\PACK\Keil\STM32F1xx_DFP\1.0.5\Device\StdPeriph_Driver\src\stm32f10x_exti.c 0x00000000   Number         0  stm32f10x_exti.o ABSOLUTE
    d:\Keil_v5\ARM\PACK\Keil\STM32F1xx_DFP\1.0.5\Device\StdPeriph_Driver\src\stm32f10x_gpio.c 0x00000000   Number         0  stm32f10x_gpio.o ABSOLUTE
    d:\Keil_v5\ARM\PACK\Keil\STM32F1xx_DFP\1.0.5\Device\StdPeriph_Driver\src\stm32f10x_i2c.c 0x00000000   Number         0  stm32f10x_i2c.o ABSOLUTE
    d:\Keil_v5\ARM\PACK\Keil\STM32F1xx_DFP\1.0.5\Device\StdPeriph_Driver\src\stm32f10x_rcc.c 0x00000000   Number         0  stm32f10x_rcc.o ABSOLUTE
    d:\Keil_v5\ARM\PACK\Keil\STM32F1xx_DFP\1.0.5\Device\StdPeriph_Driver\src\stm32f10x_spi.c 0x00000000   Number         0  stm32f10x_spi.o ABSOLUTE
    d:\Keil_v5\ARM\PACK\Keil\STM32F1xx_DFP\1.0.5\Device\StdPeriph_Driver\src\stm32f10x_tim.c 0x00000000   Number         0  stm32f10x_tim.o ABSOLUTE
    d:\Keil_v5\ARM\PACK\Keil\STM32F1xx_DFP\1.0.5\Device\StdPeriph_Driver\src\stm32f10x_usart.c 0x00000000   Number         0  stm32f10x_usart.o ABSOLUTE
    d:\Keil_v5\ARM\PACK\Keil\STM32F1xx_DFP\1.0.5\RTE_Driver\DMA_STM32F10x.c 0x00000000   Number         0  dma_stm32f10x.o ABSOLUTE
    d:\Keil_v5\ARM\PACK\Keil\STM32F1xx_DFP\1.0.5\RTE_Driver\GPIO_STM32F10x.c 0x00000000   Number         0  gpio_stm32f10x.o ABSOLUTE
    d:\\Keil_v5\\ARM\\PACK\\Keil\\STM32F1xx_DFP\\1.0.5\\Device\\StdPeriph_Driver\\src\\misc.c 0x00000000   Number         0  misc.o ABSOLUTE
    d:\\Keil_v5\\ARM\\PACK\\Keil\\STM32F1xx_DFP\\1.0.5\\Device\\StdPeriph_Driver\\src\\stm32f10x_adc.c 0x00000000   Number         0  stm32f10x_adc.o ABSOLUTE
    d:\\Keil_v5\\ARM\\PACK\\Keil\\STM32F1xx_DFP\\1.0.5\\Device\\StdPeriph_Driver\\src\\stm32f10x_dma.c 0x00000000   Number         0  stm32f10x_dma.o ABSOLUTE
    d:\\Keil_v5\\ARM\\PACK\\Keil\\STM32F1xx_DFP\\1.0.5\\Device\\StdPeriph_Driver\\src\\stm32f10x_exti.c 0x00000000   Number         0  stm32f10x_exti.o ABSOLUTE
    d:\\Keil_v5\\ARM\\PACK\\Keil\\STM32F1xx_DFP\\1.0.5\\Device\\StdPeriph_Driver\\src\\stm32f10x_gpio.c 0x00000000   Number         0  stm32f10x_gpio.o ABSOLUTE
    d:\\Keil_v5\\ARM\\PACK\\Keil\\STM32F1xx_DFP\\1.0.5\\Device\\StdPeriph_Driver\\src\\stm32f10x_i2c.c 0x00000000   Number         0  stm32f10x_i2c.o ABSOLUTE
    d:\\Keil_v5\\ARM\\PACK\\Keil\\STM32F1xx_DFP\\1.0.5\\Device\\StdPeriph_Driver\\src\\stm32f10x_rcc.c 0x00000000   Number         0  stm32f10x_rcc.o ABSOLUTE
    d:\\Keil_v5\\ARM\\PACK\\Keil\\STM32F1xx_DFP\\1.0.5\\Device\\StdPeriph_Driver\\src\\stm32f10x_spi.c 0x00000000   Number         0  stm32f10x_spi.o ABSOLUTE
    d:\\Keil_v5\\ARM\\PACK\\Keil\\STM32F1xx_DFP\\1.0.5\\Device\\StdPeriph_Driver\\src\\stm32f10x_tim.c 0x00000000   Number         0  stm32f10x_tim.o ABSOLUTE
    d:\\Keil_v5\\ARM\\PACK\\Keil\\STM32F1xx_DFP\\1.0.5\\Device\\StdPeriph_Driver\\src\\stm32f10x_usart.c 0x00000000   Number         0  stm32f10x_usart.o ABSOLUTE
    d:\\Keil_v5\\ARM\\PACK\\Keil\\STM32F1xx_DFP\\1.0.5\\RTE_Driver\\DMA_STM32F10x.c 0x00000000   Number         0  dma_stm32f10x.o ABSOLUTE
    d:\\Keil_v5\\ARM\\PACK\\Keil\\STM32F1xx_DFP\\1.0.5\\RTE_Driver\\GPIO_STM32F10x.c 0x00000000   Number         0  gpio_stm32f10x.o ABSOLUTE
    dc.s                                     0x00000000   Number         0  dc.o ABSOLUTE
    delay\\systick_delay.c                   0x00000000   Number         0  systick_delay.o ABSOLUTE
    delay\systick_delay.c                    0x00000000   Number         0  systick_delay.o ABSOLUTE
    handlers.s                               0x00000000   Number         0  handlers.o ABSOLUTE
    init.s                                   0x00000000   Number         0  init.o ABSOLUTE
    main.c                                   0x00000000   Number         0  main.o ABSOLUTE
    main.c                                   0x00000000   Number         0  main.o ABSOLUTE
    mpu6050_eMPL\6050DMP\anbt_dmp_driver.c   0x00000000   Number         0  anbt_dmp_driver.o ABSOLUTE
    mpu6050_eMPL\6050DMP\anbt_dmp_mpu6050.c  0x00000000   Number         0  anbt_dmp_mpu6050.o ABSOLUTE
    mpu6050_eMPL\6050DMP\anbt_i2c.c          0x00000000   Number         0  anbt_i2c.o ABSOLUTE
    mpu6050_eMPL\\6050DMP\\anbt_dmp_driver.c 0x00000000   Number         0  anbt_dmp_driver.o ABSOLUTE
    mpu6050_eMPL\\6050DMP\\anbt_dmp_mpu6050.c 0x00000000   Number         0  anbt_dmp_mpu6050.o ABSOLUTE
    mpu6050_eMPL\\6050DMP\\anbt_i2c.c        0x00000000   Number         0  anbt_i2c.o ABSOLUTE
    pid.c                                    0x00000000   Number         0  pid.o ABSOLUTE
    pid.c                                    0x00000000   Number         0  pid.o ABSOLUTE
    stm32f10x_it.c                           0x00000000   Number         0  stm32f10x_it.o ABSOLUTE
    stm32f10x_it.c                           0x00000000   Number         0  stm32f10x_it.o ABSOLUTE
    usart\\bsp_usart1.c                      0x00000000   Number         0  bsp_usart1.o ABSOLUTE
    usart\bsp_usart1.c                       0x00000000   Number         0  bsp_usart1.o ABSOLUTE
    RESET                                    0x08000000   Section      304  startup_stm32f10x_hd.o(RESET)
    .ARM.Collect$$$$00000000                 0x08000130   Section        0  entry.o(.ARM.Collect$$$$00000000)
    .ARM.Collect$$$$00000001                 0x08000130   Section        4  entry2.o(.ARM.Collect$$$$00000001)
    .ARM.Collect$$$$00000004                 0x08000134   Section        4  entry5.o(.ARM.Collect$$$$00000004)
    .ARM.Collect$$$$00000008                 0x08000138   Section        0  entry7b.o(.ARM.Collect$$$$00000008)
    .ARM.Collect$$$$0000000A                 0x08000138   Section        0  entry8b.o(.ARM.Collect$$$$0000000A)
    .ARM.Collect$$$$0000000B                 0x08000138   Section        8  entry9a.o(.ARM.Collect$$$$0000000B)
    .ARM.Collect$$$$0000000D                 0x08000140   Section        0  entry10a.o(.ARM.Collect$$$$0000000D)
    .ARM.Collect$$$$0000000F                 0x08000140   Section        0  entry11a.o(.ARM.Collect$$$$0000000F)
    .ARM.Collect$$$$00002712                 0x08000140   Section        4  entry2.o(.ARM.Collect$$$$00002712)
    __lit__00000000                          0x08000140   Data           4  entry2.o(.ARM.Collect$$$$00002712)
    .text                                    0x08000144   Section       36  startup_stm32f10x_hd.o(.text)
    .text                                    0x08000168   Section        0  ldiv.o(.text)
    .text                                    0x080001c2   Section        0  memseta.o(.text)
    .text                                    0x080001e6   Section        0  memcmp.o(.text)
    .text                                    0x08000200   Section        0  fadd.o(.text)
    .text                                    0x080002b0   Section        0  fmul.o(.text)
    .text                                    0x08000314   Section        0  fdiv.o(.text)
    .text                                    0x08000390   Section        0  fscalb.o(.text)
    .text                                    0x080003a8   Section        0  dadd.o(.text)
    .text                                    0x080004f6   Section        0  dmul.o(.text)
    .text                                    0x080005da   Section        0  fflti.o(.text)
    .text                                    0x080005ec   Section        0  ffltui.o(.text)
    .text                                    0x080005f6   Section        0  ffixi.o(.text)
    .text                                    0x08000628   Section        0  ffixui.o(.text)
    .text                                    0x08000650   Section        0  f2d.o(.text)
    .text                                    0x08000678   Section       40  cdcmple.o(.text)
    .text                                    0x080006a0   Section       40  cdrcmple.o(.text)
    .text                                    0x080006c8   Section        0  d2f.o(.text)
    .text                                    0x08000700   Section       20  cfrcmple.o(.text)
    .text                                    0x08000714   Section        0  uidiv.o(.text)
    .text                                    0x08000740   Section        0  uldiv.o(.text)
    .text                                    0x080007a2   Section        0  llshl.o(.text)
    .text                                    0x080007c0   Section        0  llsshr.o(.text)
    .text                                    0x080007e4   Section        0  fepilogue.o(.text)
    .text                                    0x080007e4   Section        0  iusefp.o(.text)
    .text                                    0x08000852   Section        0  depilogue.o(.text)
    .text                                    0x08000908   Section        0  ddiv.o(.text)
    .text                                    0x080009e6   Section        0  dscalb.o(.text)
    .text                                    0x08000a14   Section        0  dfixul.o(.text)
    .text                                    0x08000a44   Section       36  init.o(.text)
    .text                                    0x08000a68   Section        0  llushr.o(.text)
    .text                                    0x08000a88   Section        0  dsqrt.o(.text)
    i.ANBT_I2C_Configuration                 0x08000b2c   Section        0  anbt_i2c.o(i.ANBT_I2C_Configuration)
    i.ANBT_I2C_ReceiveByte                   0x08000ba4   Section        0  anbt_i2c.o(i.ANBT_I2C_ReceiveByte)
    i.ANBT_I2C_ReceiveByte_WithACK           0x08000c10   Section        0  anbt_i2c.o(i.ANBT_I2C_ReceiveByte_WithACK)
    i.ANBT_I2C_START                         0x08000c7c   Section        0  anbt_i2c.o(i.ANBT_I2C_START)
    i.ANBT_I2C_STOP                          0x08000ce4   Section        0  anbt_i2c.o(i.ANBT_I2C_STOP)
    i.ANBT_I2C_SendACK                       0x08000d20   Section        0  anbt_i2c.o(i.ANBT_I2C_SendACK)
    i.ANBT_I2C_SendByte                      0x08000d5c   Section        0  anbt_i2c.o(i.ANBT_I2C_SendByte)
    i.ANBT_I2C_SendNACK                      0x08000dfc   Section        0  anbt_i2c.o(i.ANBT_I2C_SendNACK)
    i.AnBT_DMP_Delay_ms                      0x08000e38   Section        0  anbt_i2c.o(i.AnBT_DMP_Delay_ms)
    i.AnBT_DMP_Delay_us                      0x08000e4e   Section        0  anbt_i2c.o(i.AnBT_DMP_Delay_us)
    i.AnBT_DMP_I2C_Read                      0x08000e60   Section        0  anbt_i2c.o(i.AnBT_DMP_I2C_Read)
    i.AnBT_DMP_I2C_Write                     0x08000eb4   Section        0  anbt_i2c.o(i.AnBT_DMP_I2C_Write)
    i.AnBT_DMP_MPU6050_DEV_CFG               0x08000ef0   Section        0  anbt_dmp_mpu6050.o(i.AnBT_DMP_MPU6050_DEV_CFG)
    i.AnBT_DMP_MPU6050_Init                  0x080010e4   Section        0  anbt_dmp_mpu6050.o(i.AnBT_DMP_MPU6050_Init)
    i.BusFault_Handler                       0x08001344   Section        0  stm32f10x_it.o(i.BusFault_Handler)
    i.DMA1_Channel1_Event                    0x08001346   Section        0  dma_stm32f10x.o(i.DMA1_Channel1_Event)
    i.DMA1_Channel1_IRQHandler               0x08001348   Section        0  dma_stm32f10x.o(i.DMA1_Channel1_IRQHandler)
    i.DMA1_Channel2_Event                    0x08001360   Section        0  dma_stm32f10x.o(i.DMA1_Channel2_Event)
    i.DMA1_Channel2_IRQHandler               0x08001364   Section        0  dma_stm32f10x.o(i.DMA1_Channel2_IRQHandler)
    i.DMA1_Channel3_Event                    0x0800137c   Section        0  dma_stm32f10x.o(i.DMA1_Channel3_Event)
    i.DMA1_Channel3_IRQHandler               0x08001380   Section        0  dma_stm32f10x.o(i.DMA1_Channel3_IRQHandler)
    i.DMA1_Channel4_Event                    0x08001398   Section        0  dma_stm32f10x.o(i.DMA1_Channel4_Event)
    i.DMA1_Channel4_IRQHandler               0x0800139c   Section        0  dma_stm32f10x.o(i.DMA1_Channel4_IRQHandler)
    i.DMA1_Channel5_Event                    0x080013b4   Section        0  dma_stm32f10x.o(i.DMA1_Channel5_Event)
    i.DMA1_Channel5_IRQHandler               0x080013b8   Section        0  dma_stm32f10x.o(i.DMA1_Channel5_IRQHandler)
    i.DMA1_Channel6_Event                    0x080013d0   Section        0  dma_stm32f10x.o(i.DMA1_Channel6_Event)
    i.DMA1_Channel6_IRQHandler               0x080013d4   Section        0  dma_stm32f10x.o(i.DMA1_Channel6_IRQHandler)
    i.DMA1_Channel7_Event                    0x080013ec   Section        0  dma_stm32f10x.o(i.DMA1_Channel7_Event)
    i.DMA1_Channel7_IRQHandler               0x080013f0   Section        0  dma_stm32f10x.o(i.DMA1_Channel7_IRQHandler)
    i.DMA2_Channel1_Event                    0x08001408   Section        0  dma_stm32f10x.o(i.DMA2_Channel1_Event)
    i.DMA2_Channel1_IRQHandler               0x0800140c   Section        0  dma_stm32f10x.o(i.DMA2_Channel1_IRQHandler)
    i.DMA2_Channel2_Event                    0x08001428   Section        0  dma_stm32f10x.o(i.DMA2_Channel2_Event)
    i.DMA2_Channel2_IRQHandler               0x0800142c   Section        0  dma_stm32f10x.o(i.DMA2_Channel2_IRQHandler)
    i.DMA2_Channel3_Event                    0x08001448   Section        0  dma_stm32f10x.o(i.DMA2_Channel3_Event)
    i.DMA2_Channel3_IRQHandler               0x0800144c   Section        0  dma_stm32f10x.o(i.DMA2_Channel3_IRQHandler)
    i.DMA2_Channel4_5_IRQHandler             0x08001468   Section        0  dma_stm32f10x.o(i.DMA2_Channel4_5_IRQHandler)
    i.DMA2_Channel4_Event                    0x08001498   Section        0  dma_stm32f10x.o(i.DMA2_Channel4_Event)
    i.DMA2_Channel5_Event                    0x0800149a   Section        0  dma_stm32f10x.o(i.DMA2_Channel5_Event)
    i.DebugMon_Handler                       0x0800149c   Section        0  stm32f10x_it.o(i.DebugMon_Handler)
    i.Delay_ms                               0x0800149e   Section        0  systick_delay.o(i.Delay_ms)
    i.Delay_us                               0x080014a8   Section        0  systick_delay.o(i.Delay_us)
    i.GPIO_Init                              0x080014c4   Section        0  stm32f10x_gpio.o(i.GPIO_Init)
    i.GPIO_ReadInputDataBit                  0x08001560   Section        0  stm32f10x_gpio.o(i.GPIO_ReadInputDataBit)
    i.GPIO_ResetBits                         0x0800156e   Section        0  stm32f10x_gpio.o(i.GPIO_ResetBits)
    i.GPIO_SetBits                           0x08001572   Section        0  stm32f10x_gpio.o(i.GPIO_SetBits)
    i.HardFault_Handler                      0x08001576   Section        0  stm32f10x_it.o(i.HardFault_Handler)
    i.MemManage_Handler                      0x08001578   Section        0  stm32f10x_it.o(i.MemManage_Handler)
    i.NMI_Handler                            0x0800157a   Section        0  stm32f10x_it.o(i.NMI_Handler)
    i.NVIC_Init                              0x0800157c   Section        0  misc.o(i.NVIC_Init)
    i.NVIC_PriorityGroupConfig               0x080015e0   Section        0  misc.o(i.NVIC_PriorityGroupConfig)
    i.PID_Control_1                          0x080015f4   Section        0  pid.o(i.PID_Control_1)
    i.PendSV_Handler                         0x080016a4   Section        0  stm32f10x_it.o(i.PendSV_Handler)
    i.RCC_APB1PeriphClockCmd                 0x080016a8   Section        0  stm32f10x_rcc.o(i.RCC_APB1PeriphClockCmd)
    i.RCC_APB2PeriphClockCmd                 0x080016c0   Section        0  stm32f10x_rcc.o(i.RCC_APB2PeriphClockCmd)
    i.RCC_GetClocksFreq                      0x080016d8   Section        0  stm32f10x_rcc.o(i.RCC_GetClocksFreq)
    i.SVC_Handler                            0x0800176c   Section        0  stm32f10x_it.o(i.SVC_Handler)
    i.SetSysClockTo72                        0x08001770   Section        0  system_stm32f10x.o(i.SetSysClockTo72)
    SetSysClockTo72                          0x08001771   Thumb Code   160  system_stm32f10x.o(i.SetSysClockTo72)
    i.SysTick_Handler                        0x08001818   Section        0  stm32f10x_it.o(i.SysTick_Handler)
    i.SystemInit                             0x0800181c   Section        0  system_stm32f10x.o(i.SystemInit)
    i.TIM3_CH1_Mode_Config                   0x0800186c   Section        0  tim3_pwm_output.o(i.TIM3_CH1_Mode_Config)
    i.TIM3_CH2_Mode_Config                   0x080018ac   Section        0  tim3_pwm_output.o(i.TIM3_CH2_Mode_Config)
    i.TIM3_Mode_Config                       0x080018ec   Section        0  tim3_pwm_output.o(i.TIM3_Mode_Config)
    i.TIM3_PWM_Init                          0x08001914   Section        0  tim3_pwm_output.o(i.TIM3_PWM_Init)
    i.TIM3_direction_gpio_config             0x0800195c   Section        0  tim3_pwm_output.o(i.TIM3_direction_gpio_config)
    i.TIM4_CH3_Mode_Config                   0x080019a8   Section        0  tim4_pwm_output.o(i.TIM4_CH3_Mode_Config)
    i.TIM4_CH3_direction_action              0x080019e8   Section        0  tim4_pwm_output.o(i.TIM4_CH3_direction_action)
    i.TIM4_CH4_Mode_Config                   0x08001a60   Section        0  tim4_pwm_output.o(i.TIM4_CH4_Mode_Config)
    i.TIM4_Mode_Config                       0x08001aa0   Section        0  tim4_pwm_output.o(i.TIM4_Mode_Config)
    i.TIM4_PWM_Init                          0x08001ac8   Section        0  tim4_pwm_output.o(i.TIM4_PWM_Init)
    i.TIM4_direction_gpio_config             0x08001b14   Section        0  tim4_pwm_output.o(i.TIM4_direction_gpio_config)
    i.TIM_ARRPreloadConfig                   0x08001b60   Section        0  stm32f10x_tim.o(i.TIM_ARRPreloadConfig)
    i.TIM_Cmd                                0x08001b74   Section        0  stm32f10x_tim.o(i.TIM_Cmd)
    i.TIM_OC1Init                            0x08001b88   Section        0  stm32f10x_tim.o(i.TIM_OC1Init)
    i.TIM_OC1PreloadConfig                   0x08001c08   Section        0  stm32f10x_tim.o(i.TIM_OC1PreloadConfig)
    i.TIM_OC2Init                            0x08001c14   Section        0  stm32f10x_tim.o(i.TIM_OC2Init)
    i.TIM_OC2PreloadConfig                   0x08001c94   Section        0  stm32f10x_tim.o(i.TIM_OC2PreloadConfig)
    i.TIM_OC3Init                            0x08001ca8   Section        0  stm32f10x_tim.o(i.TIM_OC3Init)
    i.TIM_OC3PreloadConfig                   0x08001d24   Section        0  stm32f10x_tim.o(i.TIM_OC3PreloadConfig)
    i.TIM_OC4Init                            0x08001d30   Section        0  stm32f10x_tim.o(i.TIM_OC4Init)
    i.TIM_OC4PreloadConfig                   0x08001d94   Section        0  stm32f10x_tim.o(i.TIM_OC4PreloadConfig)
    i.TIM_TimeBaseInit                       0x08001da8   Section        0  stm32f10x_tim.o(i.TIM_TimeBaseInit)
    i.USART1_Config                          0x08001e44   Section        0  bsp_usart1.o(i.USART1_Config)
    i.USART1_IRQHandler                      0x08001ef0   Section        0  stm32f10x_it.o(i.USART1_IRQHandler)
    i.USART_Cmd                              0x08001f14   Section        0  stm32f10x_usart.o(i.USART_Cmd)
    i.USART_GetFlagStatus                    0x08001f28   Section        0  stm32f10x_usart.o(i.USART_GetFlagStatus)
    i.USART_GetITStatus                      0x08001f36   Section        0  stm32f10x_usart.o(i.USART_GetITStatus)
    i.USART_ITConfig                         0x08001f74   Section        0  stm32f10x_usart.o(i.USART_ITConfig)
    i.USART_Init                             0x08001fa4   Section        0  stm32f10x_usart.o(i.USART_Init)
    i.USART_ReceiveData                      0x08002050   Section        0  stm32f10x_usart.o(i.USART_ReceiveData)
    i.USART_SendData                         0x08002058   Section        0  stm32f10x_usart.o(i.USART_SendData)
    i.UsageFault_Handler                     0x08002060   Section        0  stm32f10x_it.o(i.UsageFault_Handler)
    i.__0printf                              0x08002064   Section        0  printfa.o(i.__0printf)
    i.__ARM_fpclassify                       0x08002084   Section        0  fpclassify.o(i.__ARM_fpclassify)
    i.__kernel_poly                          0x080020ac   Section        0  poly.o(i.__kernel_poly)
    i.__mathlib_dbl_underflow                0x08002158   Section        0  dunder.o(i.__mathlib_dbl_underflow)
    i.__scatterload_copy                     0x08002168   Section       14  handlers.o(i.__scatterload_copy)
    i.__scatterload_null                     0x08002176   Section        2  handlers.o(i.__scatterload_null)
    i.__scatterload_zeroinit                 0x08002178   Section       14  handlers.o(i.__scatterload_zeroinit)
    i.__set_errno                            0x08002188   Section        0  errno.o(i.__set_errno)
    i._fp_digits                             0x08002194   Section        0  printfa.o(i._fp_digits)
    _fp_digits                               0x08002195   Thumb Code   334  printfa.o(i._fp_digits)
    i._printf_core                           0x080022f8   Section        0  printfa.o(i._printf_core)
    _printf_core                             0x080022f9   Thumb Code  1744  printfa.o(i._printf_core)
    i._printf_post_padding                   0x080029d4   Section        0  printfa.o(i._printf_post_padding)
    _printf_post_padding                     0x080029d5   Thumb Code    36  printfa.o(i._printf_post_padding)
    i._printf_pre_padding                    0x080029f8   Section        0  printfa.o(i._printf_pre_padding)
    _printf_pre_padding                      0x080029f9   Thumb Code    46  printfa.o(i._printf_pre_padding)
    i.accel_self_test                        0x08002a28   Section        0  anbt_dmp_mpu6050.o(i.accel_self_test)
    accel_self_test                          0x08002a29   Thumb Code   114  anbt_dmp_mpu6050.o(i.accel_self_test)
    i.asin                                   0x08002aa8   Section        0  asin.o(i.asin)
    i.atan                                   0x08002d24   Section        0  atan.o(i.atan)
    i.atan2                                  0x08002f48   Section        0  atan2.o(i.atan2)
    i.dmp_enable_6x_lp_quat                  0x080030c8   Section        0  anbt_dmp_driver.o(i.dmp_enable_6x_lp_quat)
    i.dmp_enable_feature                     0x08003104   Section        0  anbt_dmp_driver.o(i.dmp_enable_feature)
    i.dmp_enable_gyro_cal                    0x080032e0   Section        0  anbt_dmp_driver.o(i.dmp_enable_gyro_cal)
    i.dmp_enable_lp_quat                     0x08003318   Section        0  anbt_dmp_driver.o(i.dmp_enable_lp_quat)
    i.dmp_load_motion_driver_firmware        0x08003354   Section        0  anbt_dmp_driver.o(i.dmp_load_motion_driver_firmware)
    i.dmp_read_fifo                          0x08003368   Section        0  anbt_dmp_driver.o(i.dmp_read_fifo)
    i.dmp_set_accel_bias                     0x080034ac   Section        0  anbt_dmp_driver.o(i.dmp_set_accel_bias)
    i.dmp_set_fifo_rate                      0x08003584   Section        0  anbt_dmp_driver.o(i.dmp_set_fifo_rate)
    i.dmp_set_gyro_bias                      0x080035e8   Section        0  anbt_dmp_driver.o(i.dmp_set_gyro_bias)
    i.dmp_set_orientation                    0x080036b4   Section        0  anbt_dmp_driver.o(i.dmp_set_orientation)
    i.dmp_set_shake_reject_thresh            0x080037c0   Section        0  anbt_dmp_driver.o(i.dmp_set_shake_reject_thresh)
    i.dmp_set_shake_reject_time              0x080037f0   Section        0  anbt_dmp_driver.o(i.dmp_set_shake_reject_time)
    i.dmp_set_shake_reject_timeout           0x08003810   Section        0  anbt_dmp_driver.o(i.dmp_set_shake_reject_timeout)
    i.dmp_set_tap_axes                       0x08003830   Section        0  anbt_dmp_driver.o(i.dmp_set_tap_axes)
    i.dmp_set_tap_count                      0x08003870   Section        0  anbt_dmp_driver.o(i.dmp_set_tap_count)
    i.dmp_set_tap_thresh                     0x08003894   Section        0  anbt_dmp_driver.o(i.dmp_set_tap_thresh)
    i.dmp_set_tap_time                       0x080039bc   Section        0  anbt_dmp_driver.o(i.dmp_set_tap_time)
    i.dmp_set_tap_time_multi                 0x080039dc   Section        0  anbt_dmp_driver.o(i.dmp_set_tap_time_multi)
    i.fputc                                  0x080039fc   Section        0  bsp_usart1.o(i.fputc)
    i.get_accel_prod_shift                   0x08003a20   Section        0  anbt_dmp_mpu6050.o(i.get_accel_prod_shift)
    get_accel_prod_shift                     0x08003a21   Thumb Code   156  anbt_dmp_mpu6050.o(i.get_accel_prod_shift)
    i.get_st_biases                          0x08003ac8   Section        0  anbt_dmp_mpu6050.o(i.get_st_biases)
    get_st_biases                            0x08003ac9   Thumb Code   784  anbt_dmp_mpu6050.o(i.get_st_biases)
    i.gyro_self_test                         0x08003ddc   Section        0  anbt_dmp_mpu6050.o(i.gyro_self_test)
    gyro_self_test                           0x08003ddd   Thumb Code   196  anbt_dmp_mpu6050.o(i.gyro_self_test)
    i.inv_row_2_scale                        0x08003eb4   Section        0  anbt_dmp_mpu6050.o(i.inv_row_2_scale)
    inv_row_2_scale                          0x08003eb5   Thumb Code    72  anbt_dmp_mpu6050.o(i.inv_row_2_scale)
    i.main                                   0x08003efc   Section        0  main.o(i.main)
    i.mpu_configure_fifo                     0x08004108   Section        0  anbt_dmp_mpu6050.o(i.mpu_configure_fifo)
    i.mpu_get_accel_fsr                      0x08004160   Section        0  anbt_dmp_mpu6050.o(i.mpu_get_accel_fsr)
    i.mpu_get_accel_sens                     0x0800419c   Section        0  anbt_dmp_mpu6050.o(i.mpu_get_accel_sens)
    i.mpu_get_gyro_fsr                       0x080041e0   Section        0  anbt_dmp_mpu6050.o(i.mpu_get_gyro_fsr)
    i.mpu_get_gyro_sens                      0x08004214   Section        0  anbt_dmp_mpu6050.o(i.mpu_get_gyro_sens)
    i.mpu_get_lpf                            0x08004254   Section        0  anbt_dmp_mpu6050.o(i.mpu_get_lpf)
    i.mpu_get_sample_rate                    0x0800428c   Section        0  anbt_dmp_mpu6050.o(i.mpu_get_sample_rate)
    i.mpu_load_firmware                      0x080042a8   Section        0  anbt_dmp_mpu6050.o(i.mpu_load_firmware)
    i.mpu_lp_accel_mode                      0x0800434c   Section        0  anbt_dmp_mpu6050.o(i.mpu_lp_accel_mode)
    i.mpu_read_fifo_stream                   0x08004404   Section        0  anbt_dmp_mpu6050.o(i.mpu_read_fifo_stream)
    i.mpu_read_mem                           0x08004494   Section        0  anbt_dmp_mpu6050.o(i.mpu_read_mem)
    i.mpu_reset_fifo                         0x080044e8   Section        0  anbt_dmp_mpu6050.o(i.mpu_reset_fifo)
    i.mpu_run_self_test                      0x08004644   Section        0  anbt_dmp_mpu6050.o(i.mpu_run_self_test)
    i.mpu_set_accel_fsr                      0x08004734   Section        0  anbt_dmp_mpu6050.o(i.mpu_set_accel_fsr)
    i.mpu_set_bypass                         0x0800479c   Section        0  anbt_dmp_mpu6050.o(i.mpu_set_bypass)
    i.mpu_set_dmp_state                      0x08004878   Section        0  anbt_dmp_mpu6050.o(i.mpu_set_dmp_state)
    i.mpu_set_gyro_fsr                       0x080048f0   Section        0  anbt_dmp_mpu6050.o(i.mpu_set_gyro_fsr)
    i.mpu_set_int_latched                    0x0800495c   Section        0  anbt_dmp_mpu6050.o(i.mpu_set_int_latched)
    i.mpu_set_lpf                            0x080049c0   Section        0  anbt_dmp_mpu6050.o(i.mpu_set_lpf)
    i.mpu_set_sample_rate                    0x08004a2c   Section        0  anbt_dmp_mpu6050.o(i.mpu_set_sample_rate)
    i.mpu_set_sensors                        0x08004aa4   Section        0  anbt_dmp_mpu6050.o(i.mpu_set_sensors)
    i.mpu_write_mem                          0x08004b5c   Section        0  anbt_dmp_mpu6050.o(i.mpu_write_mem)
    i.run_self_test                          0x08004bb0   Section        0  anbt_dmp_mpu6050.o(i.run_self_test)
    run_self_test                            0x08004bb1   Thumb Code   122  anbt_dmp_mpu6050.o(i.run_self_test)
    i.set_int_enable                         0x08004c2c   Section        0  anbt_dmp_mpu6050.o(i.set_int_enable)
    set_int_enable                           0x08004c2d   Thumb Code    80  anbt_dmp_mpu6050.o(i.set_int_enable)
    i.sqrt                                   0x08004c80   Section        0  sqrt.o(i.sqrt)
    .constdata                               0x08004ccc   Section     3062  anbt_dmp_driver.o(.constdata)
    dmp_memory                               0x08004ccc   Data        3062  anbt_dmp_driver.o(.constdata)
    .constdata                               0x080058c2   Section       27  anbt_dmp_mpu6050.o(.constdata)
    .constdata                               0x080058de   Section       12  anbt_dmp_mpu6050.o(.constdata)
    .constdata                               0x080058ec   Section       40  anbt_dmp_mpu6050.o(.constdata)
    .constdata                               0x08005918   Section       80  asin.o(.constdata)
    pS                                       0x08005918   Data          48  asin.o(.constdata)
    qS                                       0x08005948   Data          32  asin.o(.constdata)
    .constdata                               0x08005968   Section      152  atan.o(.constdata)
    atanhi                                   0x08005968   Data          32  atan.o(.constdata)
    atanlo                                   0x08005988   Data          32  atan.o(.constdata)
    aTodd                                    0x080059a8   Data          40  atan.o(.constdata)
    aTeven                                   0x080059d0   Data          48  atan.o(.constdata)
    .constdata                               0x08005a00   Section        8  qnan.o(.constdata)
    .data                                    0x20000000   Section       76  anbt_dmp_mpu6050.o(.data)
    gyro_orientation                         0x20000014   Data           9  anbt_dmp_mpu6050.o(.data)
    st                                       0x20000020   Data          44  anbt_dmp_mpu6050.o(.data)
    .data                                    0x20000050   Section       16  pid.o(.data)
    output                                   0x20000050   Data           8  pid.o(.data)
    inte                                     0x20000058   Data           8  pid.o(.data)
    .data                                    0x20000060   Section       20  stm32f10x_rcc.o(.data)
    ADCPrescTable                            0x20000060   Data           4  stm32f10x_rcc.o(.data)
    APBAHBPrescTable                         0x20000064   Data          16  stm32f10x_rcc.o(.data)
    .data                                    0x20000074   Section        4  stdout.o(.data)
    .data                                    0x20000078   Section        4  errno.o(.data)
    _errno                                   0x20000078   Data           4  errno.o(.data)
    .bss                                     0x2000007c   Section       16  anbt_dmp_driver.o(.bss)
    dmp                                      0x2000007c   Data          16  anbt_dmp_driver.o(.bss)
    .bss                                     0x20000090   Section       16  pid.o(.bss)
    error_l                                  0x20000090   Data          16  pid.o(.bss)
    STACK                                    0x200000a0   Section     2048  startup_stm32f10x_hd.o(STACK)

    Global Symbols

    Symbol Name                              Value     Ov Type        Size  Object(Section)

    BuildAttributes$$THM_ISAv4$P$D$K$B$S$PE$A:L22UL41UL21$X:L11$S22US41US21$IEEE1$IW$USESV6$~STKCKD$USESV7$~SHL$OTIME$ROPI$IEEEX$EBA8$MICROLIB$REQ8$PRES8$EABIv2 0x00000000   Number         0  anon$$obj.o ABSOLUTE
    __ARM_use_no_argv                        0x00000000   Number         0  main.o ABSOLUTE
    _printf_a                                0x00000000   Number         0  stubs.o ABSOLUTE
    _printf_c                                0x00000000   Number         0  stubs.o ABSOLUTE
    _printf_charcount                        0x00000000   Number         0  stubs.o ABSOLUTE
    _printf_d                                0x00000000   Number         0  stubs.o ABSOLUTE
    _printf_e                                0x00000000   Number         0  stubs.o ABSOLUTE
    _printf_f                                0x00000000   Number         0  stubs.o ABSOLUTE
    _printf_flags                            0x00000000   Number         0  stubs.o ABSOLUTE
    _printf_fp_dec                           0x00000000   Number         0  stubs.o ABSOLUTE
    _printf_fp_hex                           0x00000000   Number         0  stubs.o ABSOLUTE
    _printf_g                                0x00000000   Number         0  stubs.o ABSOLUTE
    _printf_i                                0x00000000   Number         0  stubs.o ABSOLUTE
    _printf_int_dec                          0x00000000   Number         0  stubs.o ABSOLUTE
    _printf_l                                0x00000000   Number         0  stubs.o ABSOLUTE
    _printf_lc                               0x00000000   Number         0  stubs.o ABSOLUTE
    _printf_ll                               0x00000000   Number         0  stubs.o ABSOLUTE
    _printf_lld                              0x00000000   Number         0  stubs.o ABSOLUTE
    _printf_lli                              0x00000000   Number         0  stubs.o ABSOLUTE
    _printf_llo                              0x00000000   Number         0  stubs.o ABSOLUTE
    _printf_llu                              0x00000000   Number         0  stubs.o ABSOLUTE
    _printf_llx                              0x00000000   Number         0  stubs.o ABSOLUTE
    _printf_longlong_dec                     0x00000000   Number         0  stubs.o ABSOLUTE
    _printf_longlong_hex                     0x00000000   Number         0  stubs.o ABSOLUTE
    _printf_longlong_oct                     0x00000000   Number         0  stubs.o ABSOLUTE
    _printf_ls                               0x00000000   Number         0  stubs.o ABSOLUTE
    _printf_mbtowc                           0x00000000   Number         0  stubs.o ABSOLUTE
    _printf_n                                0x00000000   Number         0  stubs.o ABSOLUTE
    _printf_o                                0x00000000   Number         0  stubs.o ABSOLUTE
    _printf_p                                0x00000000   Number         0  stubs.o ABSOLUTE
    _printf_percent                          0x00000000   Number         0  stubs.o ABSOLUTE
    _printf_pre_padding                      0x00000000   Number         0  stubs.o ABSOLUTE
    _printf_return_value                     0x00000000   Number         0  stubs.o ABSOLUTE
    _printf_s                                0x00000000   Number         0  stubs.o ABSOLUTE
    _printf_sizespec                         0x00000000   Number         0  stubs.o ABSOLUTE
    _printf_str                              0x00000000   Number         0  stubs.o ABSOLUTE
    _printf_truncate_signed                  0x00000000   Number         0  stubs.o ABSOLUTE
    _printf_truncate_unsigned                0x00000000   Number         0  stubs.o ABSOLUTE
    _printf_u                                0x00000000   Number         0  stubs.o ABSOLUTE
    _printf_wc                               0x00000000   Number         0  stubs.o ABSOLUTE
    _printf_wctomb                           0x00000000   Number         0  stubs.o ABSOLUTE
    _printf_widthprec                        0x00000000   Number         0  stubs.o ABSOLUTE
    _printf_x                                0x00000000   Number         0  stubs.o ABSOLUTE
    __cpp_initialize__aeabi_                  - Undefined Weak Reference
    __cxa_finalize                            - Undefined Weak Reference
    __decompress                              - Undefined Weak Reference
    _clock_init                               - Undefined Weak Reference
    _microlib_exit                            - Undefined Weak Reference
    __Vectors_Size                           0x00000130   Number         0  startup_stm32f10x_hd.o ABSOLUTE
    __Vectors                                0x08000000   Data           4  startup_stm32f10x_hd.o(RESET)
    __Vectors_End                            0x08000130   Data           0  startup_stm32f10x_hd.o(RESET)
    __main                                   0x08000131   Thumb Code     0  entry.o(.ARM.Collect$$$$00000000)
    _main_stk                                0x08000131   Thumb Code     0  entry2.o(.ARM.Collect$$$$00000001)
    _main_scatterload                        0x08000135   Thumb Code     0  entry5.o(.ARM.Collect$$$$00000004)
    __main_after_scatterload                 0x08000139   Thumb Code     0  entry5.o(.ARM.Collect$$$$00000004)
    _main_clock                              0x08000139   Thumb Code     0  entry7b.o(.ARM.Collect$$$$00000008)
    _main_cpp_init                           0x08000139   Thumb Code     0  entry8b.o(.ARM.Collect$$$$0000000A)
    _main_init                               0x08000139   Thumb Code     0  entry9a.o(.ARM.Collect$$$$0000000B)
    __rt_final_cpp                           0x08000141   Thumb Code     0  entry10a.o(.ARM.Collect$$$$0000000D)
    __rt_final_exit                          0x08000141   Thumb Code     0  entry11a.o(.ARM.Collect$$$$0000000F)
    Reset_Handler                            0x08000145   Thumb Code     8  startup_stm32f10x_hd.o(.text)
    ADC1_2_IRQHandler                        0x0800015f   Thumb Code     0  startup_stm32f10x_hd.o(.text)
    ADC3_IRQHandler                          0x0800015f   Thumb Code     0  startup_stm32f10x_hd.o(.text)
    CAN1_RX1_IRQHandler                      0x0800015f   Thumb Code     0  startup_stm32f10x_hd.o(.text)
    CAN1_SCE_IRQHandler                      0x0800015f   Thumb Code     0  startup_stm32f10x_hd.o(.text)
    EXTI0_IRQHandler                         0x0800015f   Thumb Code     0  startup_stm32f10x_hd.o(.text)
    EXTI15_10_IRQHandler                     0x0800015f   Thumb Code     0  startup_stm32f10x_hd.o(.text)
    EXTI1_IRQHandler                         0x0800015f   Thumb Code     0  startup_stm32f10x_hd.o(.text)
    EXTI2_IRQHandler                         0x0800015f   Thumb Code     0  startup_stm32f10x_hd.o(.text)
    EXTI3_IRQHandler                         0x0800015f   Thumb Code     0  startup_stm32f10x_hd.o(.text)
    EXTI4_IRQHandler                         0x0800015f   Thumb Code     0  startup_stm32f10x_hd.o(.text)
    EXTI9_5_IRQHandler                       0x0800015f   Thumb Code     0  startup_stm32f10x_hd.o(.text)
    FLASH_IRQHandler                         0x0800015f   Thumb Code     0  startup_stm32f10x_hd.o(.text)
    FSMC_IRQHandler                          0x0800015f   Thumb Code     0  startup_stm32f10x_hd.o(.text)
    I2C1_ER_IRQHandler                       0x0800015f   Thumb Code     0  startup_stm32f10x_hd.o(.text)
    I2C1_EV_IRQHandler                       0x0800015f   Thumb Code     0  startup_stm32f10x_hd.o(.text)
    I2C2_ER_IRQHandler                       0x0800015f   Thumb Code     0  startup_stm32f10x_hd.o(.text)
    I2C2_EV_IRQHandler                       0x0800015f   Thumb Code     0  startup_stm32f10x_hd.o(.text)
    PVD_IRQHandler                           0x0800015f   Thumb Code     0  startup_stm32f10x_hd.o(.text)
    RCC_IRQHandler                           0x0800015f   Thumb Code     0  startup_stm32f10x_hd.o(.text)
    RTCAlarm_IRQHandler                      0x0800015f   Thumb Code     0  startup_stm32f10x_hd.o(.text)
    RTC_IRQHandler                           0x0800015f   Thumb Code     0  startup_stm32f10x_hd.o(.text)
    SDIO_IRQHandler                          0x0800015f   Thumb Code     0  startup_stm32f10x_hd.o(.text)
    SPI1_IRQHandler                          0x0800015f   Thumb Code     0  startup_stm32f10x_hd.o(.text)
    SPI2_IRQHandler                          0x0800015f   Thumb Code     0  startup_stm32f10x_hd.o(.text)
    SPI3_IRQHandler                          0x0800015f   Thumb Code     0  startup_stm32f10x_hd.o(.text)
    TAMPER_IRQHandler                        0x0800015f   Thumb Code     0  startup_stm32f10x_hd.o(.text)
    TIM1_BRK_IRQHandler                      0x0800015f   Thumb Code     0  startup_stm32f10x_hd.o(.text)
    TIM1_CC_IRQHandler                       0x0800015f   Thumb Code     0  startup_stm32f10x_hd.o(.text)
    TIM1_TRG_COM_IRQHandler                  0x0800015f   Thumb Code     0  startup_stm32f10x_hd.o(.text)
    TIM1_UP_IRQHandler                       0x0800015f   Thumb Code     0  startup_stm32f10x_hd.o(.text)
    TIM2_IRQHandler                          0x0800015f   Thumb Code     0  startup_stm32f10x_hd.o(.text)
    TIM3_IRQHandler                          0x0800015f   Thumb Code     0  startup_stm32f10x_hd.o(.text)
    TIM4_IRQHandler                          0x0800015f   Thumb Code     0  startup_stm32f10x_hd.o(.text)
    TIM5_IRQHandler                          0x0800015f   Thumb Code     0  startup_stm32f10x_hd.o(.text)
    TIM6_IRQHandler                          0x0800015f   Thumb Code     0  startup_stm32f10x_hd.o(.text)
    TIM7_IRQHandler                          0x0800015f   Thumb Code     0  startup_stm32f10x_hd.o(.text)
    TIM8_BRK_IRQHandler                      0x0800015f   Thumb Code     0  startup_stm32f10x_hd.o(.text)
    TIM8_CC_IRQHandler                       0x0800015f   Thumb Code     0  startup_stm32f10x_hd.o(.text)
    TIM8_TRG_COM_IRQHandler                  0x0800015f   Thumb Code     0  startup_stm32f10x_hd.o(.text)
    TIM8_UP_IRQHandler                       0x0800015f   Thumb Code     0  startup_stm32f10x_hd.o(.text)
    UART4_IRQHandler                         0x0800015f   Thumb Code     0  startup_stm32f10x_hd.o(.text)
    UART5_IRQHandler                         0x0800015f   Thumb Code     0  startup_stm32f10x_hd.o(.text)
    USART2_IRQHandler                        0x0800015f   Thumb Code     0  startup_stm32f10x_hd.o(.text)
    USART3_IRQHandler                        0x0800015f   Thumb Code     0  startup_stm32f10x_hd.o(.text)
    USBWakeUp_IRQHandler                     0x0800015f   Thumb Code     0  startup_stm32f10x_hd.o(.text)
    USB_HP_CAN1_TX_IRQHandler                0x0800015f   Thumb Code     0  startup_stm32f10x_hd.o(.text)
    USB_LP_CAN1_RX0_IRQHandler               0x0800015f   Thumb Code     0  startup_stm32f10x_hd.o(.text)
    WWDG_IRQHandler                          0x0800015f   Thumb Code     0  startup_stm32f10x_hd.o(.text)
    __aeabi_ldivmod                          0x08000169   Thumb Code    90  ldiv.o(.text)
    __aeabi_memset                           0x080001c3   Thumb Code    14  memseta.o(.text)
    __aeabi_memset4                          0x080001c3   Thumb Code     0  memseta.o(.text)
    __aeabi_memset8                          0x080001c3   Thumb Code     0  memseta.o(.text)
    __aeabi_memclr                           0x080001d1   Thumb Code     4  memseta.o(.text)
    __aeabi_memclr4                          0x080001d1   Thumb Code     0  memseta.o(.text)
    __aeabi_memclr8                          0x080001d1   Thumb Code     0  memseta.o(.text)
    _memset$wrapper                          0x080001d5   Thumb Code    18  memseta.o(.text)
    memcmp                                   0x080001e7   Thumb Code    26  memcmp.o(.text)
    __aeabi_fadd                             0x08000201   Thumb Code   164  fadd.o(.text)
    __aeabi_fsub                             0x080002a5   Thumb Code     6  fadd.o(.text)
    __aeabi_frsub                            0x080002ab   Thumb Code     6  fadd.o(.text)
    __aeabi_fmul                             0x080002b1   Thumb Code   100  fmul.o(.text)
    __aeabi_fdiv                             0x08000315   Thumb Code   124  fdiv.o(.text)
    __ARM_scalbnf                            0x08000391   Thumb Code    24  fscalb.o(.text)
    scalbnf                                  0x08000391   Thumb Code     0  fscalb.o(.text)
    __aeabi_dadd                             0x080003a9   Thumb Code   322  dadd.o(.text)
    __aeabi_dsub                             0x080004eb   Thumb Code     6  dadd.o(.text)
    __aeabi_drsub                            0x080004f1   Thumb Code     6  dadd.o(.text)
    __aeabi_dmul                             0x080004f7   Thumb Code   228  dmul.o(.text)
    __aeabi_i2f                              0x080005db   Thumb Code    18  fflti.o(.text)
    __aeabi_ui2f                             0x080005ed   Thumb Code    10  ffltui.o(.text)
    __aeabi_f2iz                             0x080005f7   Thumb Code    50  ffixi.o(.text)
    __aeabi_f2uiz                            0x08000629   Thumb Code    40  ffixui.o(.text)
    __aeabi_f2d                              0x08000651   Thumb Code    38  f2d.o(.text)
    __aeabi_cdcmpeq                          0x08000679   Thumb Code     0  cdcmple.o(.text)
    __aeabi_cdcmple                          0x08000679   Thumb Code    38  cdcmple.o(.text)
    __aeabi_cdrcmple                         0x080006a1   Thumb Code    38  cdrcmple.o(.text)
    __aeabi_d2f                              0x080006c9   Thumb Code    56  d2f.o(.text)
    __aeabi_cfrcmple                         0x08000701   Thumb Code    20  cfrcmple.o(.text)
    __aeabi_uidiv                            0x08000715   Thumb Code     0  uidiv.o(.text)
    __aeabi_uidivmod                         0x08000715   Thumb Code    44  uidiv.o(.text)
    __aeabi_uldivmod                         0x08000741   Thumb Code    98  uldiv.o(.text)
    __aeabi_llsl                             0x080007a3   Thumb Code    30  llshl.o(.text)
    _ll_shift_l                              0x080007a3   Thumb Code     0  llshl.o(.text)
    __aeabi_lasr                             0x080007c1   Thumb Code    36  llsshr.o(.text)
    _ll_sshift_r                             0x080007c1   Thumb Code     0  llsshr.o(.text)
    __I$use$fp                               0x080007e5   Thumb Code     0  iusefp.o(.text)
    _float_round                             0x080007e5   Thumb Code    18  fepilogue.o(.text)
    _float_epilogue                          0x080007f7   Thumb Code    92  fepilogue.o(.text)
    _double_round                            0x08000853   Thumb Code    26  depilogue.o(.text)
    _double_epilogue                         0x0800086d   Thumb Code   156  depilogue.o(.text)
    __aeabi_ddiv                             0x08000909   Thumb Code   222  ddiv.o(.text)
    __ARM_scalbn                             0x080009e7   Thumb Code    46  dscalb.o(.text)
    scalbn                                   0x080009e7   Thumb Code     0  dscalb.o(.text)
    __aeabi_d2ulz                            0x08000a15   Thumb Code    48  dfixul.o(.text)
    __scatterload                            0x08000a45   Thumb Code    28  init.o(.text)
    __scatterload_rt2                        0x08000a45   Thumb Code     0  init.o(.text)
    __aeabi_llsr                             0x08000a69   Thumb Code    32  llushr.o(.text)
    _ll_ushift_r                             0x08000a69   Thumb Code     0  llushr.o(.text)
    _dsqrt                                   0x08000a89   Thumb Code   162  dsqrt.o(.text)
    ANBT_I2C_Configuration                   0x08000b2d   Thumb Code    94  anbt_i2c.o(i.ANBT_I2C_Configuration)
    ANBT_I2C_ReceiveByte                     0x08000ba5   Thumb Code   102  anbt_i2c.o(i.ANBT_I2C_ReceiveByte)
    ANBT_I2C_ReceiveByte_WithACK             0x08000c11   Thumb Code   102  anbt_i2c.o(i.ANBT_I2C_ReceiveByte_WithACK)
    ANBT_I2C_START                           0x08000c7d   Thumb Code    98  anbt_i2c.o(i.ANBT_I2C_START)
    ANBT_I2C_STOP                            0x08000ce5   Thumb Code    54  anbt_i2c.o(i.ANBT_I2C_STOP)
    ANBT_I2C_SendACK                         0x08000d21   Thumb Code    54  anbt_i2c.o(i.ANBT_I2C_SendACK)
    ANBT_I2C_SendByte                        0x08000d5d   Thumb Code   154  anbt_i2c.o(i.ANBT_I2C_SendByte)
    ANBT_I2C_SendNACK                        0x08000dfd   Thumb Code    54  anbt_i2c.o(i.ANBT_I2C_SendNACK)
    AnBT_DMP_Delay_ms                        0x08000e39   Thumb Code    22  anbt_i2c.o(i.AnBT_DMP_Delay_ms)
    AnBT_DMP_Delay_us                        0x08000e4f   Thumb Code    18  anbt_i2c.o(i.AnBT_DMP_Delay_us)
    AnBT_DMP_I2C_Read                        0x08000e61   Thumb Code    84  anbt_i2c.o(i.AnBT_DMP_I2C_Read)
    AnBT_DMP_I2C_Write                       0x08000eb5   Thumb Code    58  anbt_i2c.o(i.AnBT_DMP_I2C_Write)
    AnBT_DMP_MPU6050_DEV_CFG                 0x08000ef1   Thumb Code   384  anbt_dmp_mpu6050.o(i.AnBT_DMP_MPU6050_DEV_CFG)
    AnBT_DMP_MPU6050_Init                    0x080010e5   Thumb Code   210  anbt_dmp_mpu6050.o(i.AnBT_DMP_MPU6050_Init)
    BusFault_Handler                         0x08001345   Thumb Code     2  stm32f10x_it.o(i.BusFault_Handler)
    DMA1_Channel1_Event                      0x08001347   Thumb Code     2  dma_stm32f10x.o(i.DMA1_Channel1_Event)
    DMA1_Channel1_IRQHandler                 0x08001349   Thumb Code    18  dma_stm32f10x.o(i.DMA1_Channel1_IRQHandler)
    DMA1_Channel2_Event                      0x08001361   Thumb Code     2  dma_stm32f10x.o(i.DMA1_Channel2_Event)
    DMA1_Channel2_IRQHandler                 0x08001365   Thumb Code    20  dma_stm32f10x.o(i.DMA1_Channel2_IRQHandler)
    DMA1_Channel3_Event                      0x0800137d   Thumb Code     2  dma_stm32f10x.o(i.DMA1_Channel3_Event)
    DMA1_Channel3_IRQHandler                 0x08001381   Thumb Code    20  dma_stm32f10x.o(i.DMA1_Channel3_IRQHandler)
    DMA1_Channel4_Event                      0x08001399   Thumb Code     2  dma_stm32f10x.o(i.DMA1_Channel4_Event)
    DMA1_Channel4_IRQHandler                 0x0800139d   Thumb Code    20  dma_stm32f10x.o(i.DMA1_Channel4_IRQHandler)
    DMA1_Channel5_Event                      0x080013b5   Thumb Code     2  dma_stm32f10x.o(i.DMA1_Channel5_Event)
    DMA1_Channel5_IRQHandler                 0x080013b9   Thumb Code    20  dma_stm32f10x.o(i.DMA1_Channel5_IRQHandler)
    DMA1_Channel6_Event                      0x080013d1   Thumb Code     2  dma_stm32f10x.o(i.DMA1_Channel6_Event)
    DMA1_Channel6_IRQHandler                 0x080013d5   Thumb Code    20  dma_stm32f10x.o(i.DMA1_Channel6_IRQHandler)
    DMA1_Channel7_Event                      0x080013ed   Thumb Code     2  dma_stm32f10x.o(i.DMA1_Channel7_Event)
    DMA1_Channel7_IRQHandler                 0x080013f1   Thumb Code    20  dma_stm32f10x.o(i.DMA1_Channel7_IRQHandler)
    DMA2_Channel1_Event                      0x08001409   Thumb Code     2  dma_stm32f10x.o(i.DMA2_Channel1_Event)
    DMA2_Channel1_IRQHandler                 0x0800140d   Thumb Code    22  dma_stm32f10x.o(i.DMA2_Channel1_IRQHandler)
    DMA2_Channel2_Event                      0x08001429   Thumb Code     2  dma_stm32f10x.o(i.DMA2_Channel2_Event)
    DMA2_Channel2_IRQHandler                 0x0800142d   Thumb Code    24  dma_stm32f10x.o(i.DMA2_Channel2_IRQHandler)
    DMA2_Channel3_Event                      0x08001449   Thumb Code     2  dma_stm32f10x.o(i.DMA2_Channel3_Event)
    DMA2_Channel3_IRQHandler                 0x0800144d   Thumb Code    24  dma_stm32f10x.o(i.DMA2_Channel3_IRQHandler)
    DMA2_Channel4_5_IRQHandler               0x08001469   Thumb Code    42  dma_stm32f10x.o(i.DMA2_Channel4_5_IRQHandler)
    DMA2_Channel4_Event                      0x08001499   Thumb Code     2  dma_stm32f10x.o(i.DMA2_Channel4_Event)
    DMA2_Channel5_Event                      0x0800149b   Thumb Code     2  dma_stm32f10x.o(i.DMA2_Channel5_Event)
    DebugMon_Handler                         0x0800149d   Thumb Code     2  stm32f10x_it.o(i.DebugMon_Handler)
    Delay_ms                                 0x0800149f   Thumb Code    10  systick_delay.o(i.Delay_ms)
    Delay_us                                 0x080014a9   Thumb Code    28  systick_delay.o(i.Delay_us)
    GPIO_Init                                0x080014c5   Thumb Code   156  stm32f10x_gpio.o(i.GPIO_Init)
    GPIO_ReadInputDataBit                    0x08001561   Thumb Code    14  stm32f10x_gpio.o(i.GPIO_ReadInputDataBit)
    GPIO_ResetBits                           0x0800156f   Thumb Code     4  stm32f10x_gpio.o(i.GPIO_ResetBits)
    GPIO_SetBits                             0x08001573   Thumb Code     4  stm32f10x_gpio.o(i.GPIO_SetBits)
    HardFault_Handler                        0x08001577   Thumb Code     2  stm32f10x_it.o(i.HardFault_Handler)
    MemManage_Handler                        0x08001579   Thumb Code     2  stm32f10x_it.o(i.MemManage_Handler)
    NMI_Handler                              0x0800157b   Thumb Code     2  stm32f10x_it.o(i.NMI_Handler)
    NVIC_Init                                0x0800157d   Thumb Code    94  misc.o(i.NVIC_Init)
    NVIC_PriorityGroupConfig                 0x080015e1   Thumb Code    10  misc.o(i.NVIC_PriorityGroupConfig)
    PID_Control_1                            0x080015f5   Thumb Code   152  pid.o(i.PID_Control_1)
    PendSV_Handler                           0x080016a5   Thumb Code     2  stm32f10x_it.o(i.PendSV_Handler)
    RCC_APB1PeriphClockCmd                   0x080016a9   Thumb Code    18  stm32f10x_rcc.o(i.RCC_APB1PeriphClockCmd)
    RCC_APB2PeriphClockCmd                   0x080016c1   Thumb Code    18  stm32f10x_rcc.o(i.RCC_APB2PeriphClockCmd)
    RCC_GetClocksFreq                        0x080016d9   Thumb Code   132  stm32f10x_rcc.o(i.RCC_GetClocksFreq)
    SVC_Handler                              0x0800176d   Thumb Code     2  stm32f10x_it.o(i.SVC_Handler)
    SysTick_Handler                          0x08001819   Thumb Code     2  stm32f10x_it.o(i.SysTick_Handler)
    SystemInit                               0x0800181d   Thumb Code    64  system_stm32f10x.o(i.SystemInit)
    TIM3_CH1_Mode_Config                     0x0800186d   Thumb Code    60  tim3_pwm_output.o(i.TIM3_CH1_Mode_Config)
    TIM3_CH2_Mode_Config                     0x080018ad   Thumb Code    60  tim3_pwm_output.o(i.TIM3_CH2_Mode_Config)
    TIM3_Mode_Config                         0x080018ed   Thumb Code    36  tim3_pwm_output.o(i.TIM3_Mode_Config)
    TIM3_PWM_Init                            0x08001915   Thumb Code    68  tim3_pwm_output.o(i.TIM3_PWM_Init)
    TIM3_direction_gpio_config               0x0800195d   Thumb Code    72  tim3_pwm_output.o(i.TIM3_direction_gpio_config)
    TIM4_CH3_Mode_Config                     0x080019a9   Thumb Code    60  tim4_pwm_output.o(i.TIM4_CH3_Mode_Config)
    TIM4_CH3_direction_action                0x080019e9   Thumb Code   110  tim4_pwm_output.o(i.TIM4_CH3_direction_action)
    TIM4_CH4_Mode_Config                     0x08001a61   Thumb Code    60  tim4_pwm_output.o(i.TIM4_CH4_Mode_Config)
    TIM4_Mode_Config                         0x08001aa1   Thumb Code    36  tim4_pwm_output.o(i.TIM4_Mode_Config)
    TIM4_PWM_Init                            0x08001ac9   Thumb Code    70  tim4_pwm_output.o(i.TIM4_PWM_Init)
    TIM4_direction_gpio_config               0x08001b15   Thumb Code    72  tim4_pwm_output.o(i.TIM4_direction_gpio_config)
    TIM_ARRPreloadConfig                     0x08001b61   Thumb Code    20  stm32f10x_tim.o(i.TIM_ARRPreloadConfig)
    TIM_Cmd                                  0x08001b75   Thumb Code    20  stm32f10x_tim.o(i.TIM_Cmd)
    TIM_OC1Init                              0x08001b89   Thumb Code   106  stm32f10x_tim.o(i.TIM_OC1Init)
    TIM_OC1PreloadConfig                     0x08001c09   Thumb Code    12  stm32f10x_tim.o(i.TIM_OC1PreloadConfig)
    TIM_OC2Init                              0x08001c15   Thumb Code   120  stm32f10x_tim.o(i.TIM_OC2Init)
    TIM_OC2PreloadConfig                     0x08001c95   Thumb Code    20  stm32f10x_tim.o(i.TIM_OC2PreloadConfig)
    TIM_OC3Init                              0x08001ca9   Thumb Code   116  stm32f10x_tim.o(i.TIM_OC3Init)
    TIM_OC3PreloadConfig                     0x08001d25   Thumb Code    12  stm32f10x_tim.o(i.TIM_OC3PreloadConfig)
    TIM_OC4Init                              0x08001d31   Thumb Code    90  stm32f10x_tim.o(i.TIM_OC4Init)
    TIM_OC4PreloadConfig                     0x08001d95   Thumb Code    20  stm32f10x_tim.o(i.TIM_OC4PreloadConfig)
    TIM_TimeBaseInit                         0x08001da9   Thumb Code   114  stm32f10x_tim.o(i.TIM_TimeBaseInit)
    USART1_Config                            0x08001e45   Thumb Code   162  bsp_usart1.o(i.USART1_Config)
    USART1_IRQHandler                        0x08001ef1   Thumb Code    30  stm32f10x_it.o(i.USART1_IRQHandler)
    USART_Cmd                                0x08001f15   Thumb Code    20  stm32f10x_usart.o(i.USART_Cmd)
    USART_GetFlagStatus                      0x08001f29   Thumb Code    14  stm32f10x_usart.o(i.USART_GetFlagStatus)
    USART_GetITStatus                        0x08001f37   Thumb Code    62  stm32f10x_usart.o(i.USART_GetITStatus)
    USART_ITConfig                           0x08001f75   Thumb Code    48  stm32f10x_usart.o(i.USART_ITConfig)
    USART_Init                               0x08001fa5   Thumb Code   166  stm32f10x_usart.o(i.USART_Init)
    USART_ReceiveData                        0x08002051   Thumb Code     8  stm32f10x_usart.o(i.USART_ReceiveData)
    USART_SendData                           0x08002059   Thumb Code     8  stm32f10x_usart.o(i.USART_SendData)
    UsageFault_Handler                       0x08002061   Thumb Code     2  stm32f10x_it.o(i.UsageFault_Handler)
    __0printf                                0x08002065   Thumb Code    22  printfa.o(i.__0printf)
    __1printf                                0x08002065   Thumb Code     0  printfa.o(i.__0printf)
    __2printf                                0x08002065   Thumb Code     0  printfa.o(i.__0printf)
    __c89printf                              0x08002065   Thumb Code     0  printfa.o(i.__0printf)
    printf                                   0x08002065   Thumb Code     0  printfa.o(i.__0printf)
    __ARM_fpclassify                         0x08002085   Thumb Code    40  fpclassify.o(i.__ARM_fpclassify)
    __kernel_poly                            0x080020ad   Thumb Code   170  poly.o(i.__kernel_poly)
    __mathlib_dbl_underflow                  0x08002159   Thumb Code    10  dunder.o(i.__mathlib_dbl_underflow)
    __scatterload_copy                       0x08002169   Thumb Code    14  handlers.o(i.__scatterload_copy)
    __scatterload_null                       0x08002177   Thumb Code     2  handlers.o(i.__scatterload_null)
    __scatterload_zeroinit                   0x08002179   Thumb Code    14  handlers.o(i.__scatterload_zeroinit)
    __set_errno                              0x08002189   Thumb Code     6  errno.o(i.__set_errno)
    asin                                     0x08002aa9   Thumb Code   584  asin.o(i.asin)
    atan                                     0x08002d25   Thumb Code   478  atan.o(i.atan)
    atan2                                    0x08002f49   Thumb Code   346  atan2.o(i.atan2)
    dmp_enable_6x_lp_quat                    0x080030c9   Thumb Code    58  anbt_dmp_driver.o(i.dmp_enable_6x_lp_quat)
    dmp_enable_feature                       0x08003105   Thumb Code   468  anbt_dmp_driver.o(i.dmp_enable_feature)
    dmp_enable_gyro_cal                      0x080032e1   Thumb Code    32  anbt_dmp_driver.o(i.dmp_enable_gyro_cal)
    dmp_enable_lp_quat                       0x08003319   Thumb Code    58  anbt_dmp_driver.o(i.dmp_enable_lp_quat)
    dmp_load_motion_driver_firmware          0x08003355   Thumb Code    16  anbt_dmp_driver.o(i.dmp_load_motion_driver_firmware)
    dmp_read_fifo                            0x08003369   Thumb Code   318  anbt_dmp_driver.o(i.dmp_read_fifo)
    dmp_set_accel_bias                       0x080034ad   Thumb Code   210  anbt_dmp_driver.o(i.dmp_set_accel_bias)
    dmp_set_fifo_rate                        0x08003585   Thumb Code    82  anbt_dmp_driver.o(i.dmp_set_fifo_rate)
    dmp_set_gyro_bias                        0x080035e9   Thumb Code   196  anbt_dmp_driver.o(i.dmp_set_gyro_bias)
    dmp_set_orientation                      0x080036b5   Thumb Code   246  anbt_dmp_driver.o(i.dmp_set_orientation)
    dmp_set_shake_reject_thresh              0x080037c1   Thumb Code    48  anbt_dmp_driver.o(i.dmp_set_shake_reject_thresh)
    dmp_set_shake_reject_time                0x080037f1   Thumb Code    32  anbt_dmp_driver.o(i.dmp_set_shake_reject_time)
    dmp_set_shake_reject_timeout             0x08003811   Thumb Code    32  anbt_dmp_driver.o(i.dmp_set_shake_reject_timeout)
    dmp_set_tap_axes                         0x08003831   Thumb Code    64  anbt_dmp_driver.o(i.dmp_set_tap_axes)
    dmp_set_tap_count                        0x08003871   Thumb Code    34  anbt_dmp_driver.o(i.dmp_set_tap_count)
    dmp_set_tap_thresh                       0x08003895   Thumb Code   274  anbt_dmp_driver.o(i.dmp_set_tap_thresh)
    dmp_set_tap_time                         0x080039bd   Thumb Code    32  anbt_dmp_driver.o(i.dmp_set_tap_time)
    dmp_set_tap_time_multi                   0x080039dd   Thumb Code    32  anbt_dmp_driver.o(i.dmp_set_tap_time_multi)
    fputc                                    0x080039fd   Thumb Code    30  bsp_usart1.o(i.fputc)
    main                                     0x08003efd   Thumb Code   482  main.o(i.main)
    mpu_configure_fifo                       0x08004109   Thumb Code    84  anbt_dmp_mpu6050.o(i.mpu_configure_fifo)
    mpu_get_accel_fsr                        0x08004161   Thumb Code    54  anbt_dmp_mpu6050.o(i.mpu_get_accel_fsr)
    mpu_get_accel_sens                       0x0800419d   Thumb Code    62  anbt_dmp_mpu6050.o(i.mpu_get_accel_sens)
    mpu_get_gyro_fsr                         0x080041e1   Thumb Code    48  anbt_dmp_mpu6050.o(i.mpu_get_gyro_fsr)
    mpu_get_gyro_sens                        0x08004215   Thumb Code    44  anbt_dmp_mpu6050.o(i.mpu_get_gyro_sens)
    mpu_get_lpf                              0x08004255   Thumb Code    52  anbt_dmp_mpu6050.o(i.mpu_get_lpf)
    mpu_get_sample_rate                      0x0800428d   Thumb Code    22  anbt_dmp_mpu6050.o(i.mpu_get_sample_rate)
    mpu_load_firmware                        0x080042a9   Thumb Code   158  anbt_dmp_mpu6050.o(i.mpu_load_firmware)
    mpu_lp_accel_mode                        0x0800434d   Thumb Code   178  anbt_dmp_mpu6050.o(i.mpu_lp_accel_mode)
    mpu_read_fifo_stream                     0x08004405   Thumb Code   140  anbt_dmp_mpu6050.o(i.mpu_read_fifo_stream)
    mpu_read_mem                             0x08004495   Thumb Code    80  anbt_dmp_mpu6050.o(i.mpu_read_mem)
    mpu_reset_fifo                           0x080044e9   Thumb Code   344  anbt_dmp_mpu6050.o(i.mpu_reset_fifo)
    mpu_run_self_test                        0x08004645   Thumb Code   234  anbt_dmp_mpu6050.o(i.mpu_run_self_test)
    mpu_set_accel_fsr                        0x08004735   Thumb Code    98  anbt_dmp_mpu6050.o(i.mpu_set_accel_fsr)
    mpu_set_bypass                           0x0800479d   Thumb Code   214  anbt_dmp_mpu6050.o(i.mpu_set_bypass)
    mpu_set_dmp_state                        0x08004879   Thumb Code   114  anbt_dmp_mpu6050.o(i.mpu_set_dmp_state)
    mpu_set_gyro_fsr                         0x080048f1   Thumb Code   104  anbt_dmp_mpu6050.o(i.mpu_set_gyro_fsr)
    mpu_set_int_latched                      0x0800495d   Thumb Code    94  anbt_dmp_mpu6050.o(i.mpu_set_int_latched)
    mpu_set_lpf                              0x080049c1   Thumb Code   102  anbt_dmp_mpu6050.o(i.mpu_set_lpf)
    mpu_set_sample_rate                      0x08004a2d   Thumb Code   116  anbt_dmp_mpu6050.o(i.mpu_set_sample_rate)
    mpu_set_sensors                          0x08004aa5   Thumb Code   178  anbt_dmp_mpu6050.o(i.mpu_set_sensors)
    mpu_write_mem                            0x08004b5d   Thumb Code    80  anbt_dmp_mpu6050.o(i.mpu_write_mem)
    sqrt                                     0x08004c81   Thumb Code    76  sqrt.o(i.sqrt)
    reg                                      0x080058c2   Data          27  anbt_dmp_mpu6050.o(.constdata)
    hw                                       0x080058de   Data          12  anbt_dmp_mpu6050.o(.constdata)
    test                                     0x080058ec   Data          40  anbt_dmp_mpu6050.o(.constdata)
    __mathlib_zero                           0x08005a00   Data           8  qnan.o(.constdata)
    Region$$Table$$Base                      0x08005a08   Number         0  anon$$obj.o(Region$$Table)
    Region$$Table$$Limit                     0x08005a28   Number         0  anon$$obj.o(Region$$Table)
    more                                     0x20000000   Data           1  anbt_dmp_mpu6050.o(.data)
    sensors                                  0x20000002   Data           2  anbt_dmp_mpu6050.o(.data)
    sensor_timestamp                         0x20000004   Data           4  anbt_dmp_mpu6050.o(.data)
    gyro                                     0x20000008   Data           6  anbt_dmp_mpu6050.o(.data)
    accel                                    0x2000000e   Data           6  anbt_dmp_mpu6050.o(.data)
    __stdout                                 0x20000074   Data           4  stdout.o(.data)
    __initial_sp                             0x200008a0   Data           0  startup_stm32f10x_hd.o(STACK)



==============================================================================

Memory Map of the image

  Image Entry point : 0x08000131

  Load Region LR_IROM1 (Base: 0x08000000, Size: 0x00005aa4, Max: 0x00040000, ABSOLUTE)

    Execution Region ER_IROM1 (Base: 0x08000000, Size: 0x00005a28, Max: 0x00040000, ABSOLUTE)

    Base Addr    Size         Type   Attr      Idx    E Section Name        Object

    0x08000000   0x00000130   Data   RO          903    RESET               startup_stm32f10x_hd.o
    0x08000130   0x00000000   Code   RO         3046  * .ARM.Collect$$$$00000000  mc_w.l(entry.o)
    0x08000130   0x00000004   Code   RO         3371    .ARM.Collect$$$$00000001  mc_w.l(entry2.o)
    0x08000134   0x00000004   Code   RO         3374    .ARM.Collect$$$$00000004  mc_w.l(entry5.o)
    0x08000138   0x00000000   Code   RO         3376    .ARM.Collect$$$$00000008  mc_w.l(entry7b.o)
    0x08000138   0x00000000   Code   RO         3378    .ARM.Collect$$$$0000000A  mc_w.l(entry8b.o)
    0x08000138   0x00000008   Code   RO         3379    .ARM.Collect$$$$0000000B  mc_w.l(entry9a.o)
    0x08000140   0x00000000   Code   RO         3381    .ARM.Collect$$$$0000000D  mc_w.l(entry10a.o)
    0x08000140   0x00000000   Code   RO         3383    .ARM.Collect$$$$0000000F  mc_w.l(entry11a.o)
    0x08000140   0x00000004   Code   RO         3372    .ARM.Collect$$$$00002712  mc_w.l(entry2.o)
    0x08000144   0x00000024   Code   RO          904    .text               startup_stm32f10x_hd.o
    0x08000168   0x0000005a   Code   RO         3049    .text               mc_w.l(ldiv.o)
    0x080001c2   0x00000024   Code   RO         3051    .text               mc_w.l(memseta.o)
    0x080001e6   0x0000001a   Code   RO         3053    .text               mc_w.l(memcmp.o)
    0x08000200   0x000000b0   Code   RO         3316    .text               mf_w.l(fadd.o)
    0x080002b0   0x00000064   Code   RO         3318    .text               mf_w.l(fmul.o)
    0x08000314   0x0000007c   Code   RO         3320    .text               mf_w.l(fdiv.o)
    0x08000390   0x00000018   Code   RO         3322    .text               mf_w.l(fscalb.o)
    0x080003a8   0x0000014e   Code   RO         3324    .text               mf_w.l(dadd.o)
    0x080004f6   0x000000e4   Code   RO         3326    .text               mf_w.l(dmul.o)
    0x080005da   0x00000012   Code   RO         3328    .text               mf_w.l(fflti.o)
    0x080005ec   0x0000000a   Code   RO         3330    .text               mf_w.l(ffltui.o)
    0x080005f6   0x00000032   Code   RO         3332    .text               mf_w.l(ffixi.o)
    0x08000628   0x00000028   Code   RO         3334    .text               mf_w.l(ffixui.o)
    0x08000650   0x00000026   Code   RO         3336    .text               mf_w.l(f2d.o)
    0x08000676   0x00000002   PAD
    0x08000678   0x00000028   Code   RO         3338    .text               mf_w.l(cdcmple.o)
    0x080006a0   0x00000028   Code   RO         3340    .text               mf_w.l(cdrcmple.o)
    0x080006c8   0x00000038   Code   RO         3342    .text               mf_w.l(d2f.o)
    0x08000700   0x00000014   Code   RO         3344    .text               mf_w.l(cfrcmple.o)
    0x08000714   0x0000002c   Code   RO         3386    .text               mc_w.l(uidiv.o)
    0x08000740   0x00000062   Code   RO         3388    .text               mc_w.l(uldiv.o)
    0x080007a2   0x0000001e   Code   RO         3390    .text               mc_w.l(llshl.o)
    0x080007c0   0x00000024   Code   RO         3392    .text               mc_w.l(llsshr.o)
    0x080007e4   0x00000000   Code   RO         3401    .text               mc_w.l(iusefp.o)
    0x080007e4   0x0000006e   Code   RO         3402    .text               mf_w.l(fepilogue.o)
    0x08000852   0x000000b6   Code   RO         3404    .text               mf_w.l(depilogue.o)
    0x08000908   0x000000de   Code   RO         3406    .text               mf_w.l(ddiv.o)
    0x080009e6   0x0000002e   Code   RO         3408    .text               mf_w.l(dscalb.o)
    0x08000a14   0x00000030   Code   RO         3410    .text               mf_w.l(dfixul.o)
    0x08000a44   0x00000024   Code   RO         3412    .text               mc_w.l(init.o)
    0x08000a68   0x00000020   Code   RO         3414    .text               mc_w.l(llushr.o)
    0x08000a88   0x000000a2   Code   RO         3416    .text               mf_w.l(dsqrt.o)
    0x08000b2a   0x00000002   PAD
    0x08000b2c   0x00000078   Code   RO          719    i.ANBT_I2C_Configuration  anbt_i2c.o
    0x08000ba4   0x0000006c   Code   RO          724    i.ANBT_I2C_ReceiveByte  anbt_i2c.o
    0x08000c10   0x0000006c   Code   RO          725    i.ANBT_I2C_ReceiveByte_WithACK  anbt_i2c.o
    0x08000c7c   0x00000068   Code   RO          726    i.ANBT_I2C_START    anbt_i2c.o
    0x08000ce4   0x0000003c   Code   RO          727    i.ANBT_I2C_STOP     anbt_i2c.o
    0x08000d20   0x0000003c   Code   RO          728    i.ANBT_I2C_SendACK  anbt_i2c.o
    0x08000d5c   0x000000a0   Code   RO          729    i.ANBT_I2C_SendByte  anbt_i2c.o
    0x08000dfc   0x0000003c   Code   RO          730    i.ANBT_I2C_SendNACK  anbt_i2c.o
    0x08000e38   0x00000016   Code   RO          731    i.AnBT_DMP_Delay_ms  anbt_i2c.o
    0x08000e4e   0x00000012   Code   RO          732    i.AnBT_DMP_Delay_us  anbt_i2c.o
    0x08000e60   0x00000054   Code   RO          733    i.AnBT_DMP_I2C_Read  anbt_i2c.o
    0x08000eb4   0x0000003a   Code   RO          734    i.AnBT_DMP_I2C_Write  anbt_i2c.o
    0x08000eee   0x00000002   PAD
    0x08000ef0   0x000001f4   Code   RO          492    i.AnBT_DMP_MPU6050_DEV_CFG  anbt_dmp_mpu6050.o
    0x080010e4   0x00000260   Code   RO          493    i.AnBT_DMP_MPU6050_Init  anbt_dmp_mpu6050.o
    0x08001344   0x00000002   Code   RO          120    i.BusFault_Handler  stm32f10x_it.o
    0x08001346   0x00000002   Code   RO         2786    i.DMA1_Channel1_Event  dma_stm32f10x.o
    0x08001348   0x00000018   Code   RO         2787    i.DMA1_Channel1_IRQHandler  dma_stm32f10x.o
    0x08001360   0x00000002   Code   RO         2788    i.DMA1_Channel2_Event  dma_stm32f10x.o
    0x08001362   0x00000002   PAD
    0x08001364   0x00000018   Code   RO         2789    i.DMA1_Channel2_IRQHandler  dma_stm32f10x.o
    0x0800137c   0x00000002   Code   RO         2790    i.DMA1_Channel3_Event  dma_stm32f10x.o
    0x0800137e   0x00000002   PAD
    0x08001380   0x00000018   Code   RO         2791    i.DMA1_Channel3_IRQHandler  dma_stm32f10x.o
    0x08001398   0x00000002   Code   RO         2792    i.DMA1_Channel4_Event  dma_stm32f10x.o
    0x0800139a   0x00000002   PAD
    0x0800139c   0x00000018   Code   RO         2793    i.DMA1_Channel4_IRQHandler  dma_stm32f10x.o
    0x080013b4   0x00000002   Code   RO         2794    i.DMA1_Channel5_Event  dma_stm32f10x.o
    0x080013b6   0x00000002   PAD
    0x080013b8   0x00000018   Code   RO         2795    i.DMA1_Channel5_IRQHandler  dma_stm32f10x.o
    0x080013d0   0x00000002   Code   RO         2796    i.DMA1_Channel6_Event  dma_stm32f10x.o
    0x080013d2   0x00000002   PAD
    0x080013d4   0x00000018   Code   RO         2797    i.DMA1_Channel6_IRQHandler  dma_stm32f10x.o
    0x080013ec   0x00000002   Code   RO         2798    i.DMA1_Channel7_Event  dma_stm32f10x.o
    0x080013ee   0x00000002   PAD
    0x080013f0   0x00000018   Code   RO         2799    i.DMA1_Channel7_IRQHandler  dma_stm32f10x.o
    0x08001408   0x00000002   Code   RO         2800    i.DMA2_Channel1_Event  dma_stm32f10x.o
    0x0800140a   0x00000002   PAD
    0x0800140c   0x0000001c   Code   RO         2801    i.DMA2_Channel1_IRQHandler  dma_stm32f10x.o
    0x08001428   0x00000002   Code   RO         2802    i.DMA2_Channel2_Event  dma_stm32f10x.o
    0x0800142a   0x00000002   PAD
    0x0800142c   0x0000001c   Code   RO         2803    i.DMA2_Channel2_IRQHandler  dma_stm32f10x.o
    0x08001448   0x00000002   Code   RO         2804    i.DMA2_Channel3_Event  dma_stm32f10x.o
    0x0800144a   0x00000002   PAD
    0x0800144c   0x0000001c   Code   RO         2805    i.DMA2_Channel3_IRQHandler  dma_stm32f10x.o
    0x08001468   0x00000030   Code   RO         2806    i.DMA2_Channel4_5_IRQHandler  dma_stm32f10x.o
    0x08001498   0x00000002   Code   RO         2807    i.DMA2_Channel4_Event  dma_stm32f10x.o
    0x0800149a   0x00000002   Code   RO         2809    i.DMA2_Channel5_Event  dma_stm32f10x.o
    0x0800149c   0x00000002   Code   RO          121    i.DebugMon_Handler  stm32f10x_it.o
    0x0800149e   0x0000000a   Code   RO          232    i.Delay_ms          systick_delay.o
    0x080014a8   0x0000001c   Code   RO          233    i.Delay_us          systick_delay.o
    0x080014c4   0x0000009c   Code   RO         1369    i.GPIO_Init         stm32f10x_gpio.o
    0x08001560   0x0000000e   Code   RO         1373    i.GPIO_ReadInputDataBit  stm32f10x_gpio.o
    0x0800156e   0x00000004   Code   RO         1376    i.GPIO_ResetBits    stm32f10x_gpio.o
    0x08001572   0x00000004   Code   RO         1377    i.GPIO_SetBits      stm32f10x_gpio.o
    0x08001576   0x00000002   Code   RO          122    i.HardFault_Handler  stm32f10x_it.o
    0x08001578   0x00000002   Code   RO          123    i.MemManage_Handler  stm32f10x_it.o
    0x0800157a   0x00000002   Code   RO          124    i.NMI_Handler       stm32f10x_it.o
    0x0800157c   0x00000064   Code   RO          947    i.NVIC_Init         misc.o
    0x080015e0   0x00000014   Code   RO          948    i.NVIC_PriorityGroupConfig  misc.o
    0x080015f4   0x000000b0   Code   RO          828    i.PID_Control_1     pid.o
    0x080016a4   0x00000002   Code   RO          125    i.PendSV_Handler    stm32f10x_it.o
    0x080016a6   0x00000002   PAD
    0x080016a8   0x00000018   Code   RO         1699    i.RCC_APB1PeriphClockCmd  stm32f10x_rcc.o
    0x080016c0   0x00000018   Code   RO         1701    i.RCC_APB2PeriphClockCmd  stm32f10x_rcc.o
    0x080016d8   0x00000094   Code   RO         1709    i.RCC_GetClocksFreq  stm32f10x_rcc.o
    0x0800176c   0x00000002   Code   RO          126    i.SVC_Handler       stm32f10x_it.o
    0x0800176e   0x00000002   PAD
    0x08001770   0x000000a8   Code   RO          910    i.SetSysClockTo72   system_stm32f10x.o
    0x08001818   0x00000002   Code   RO          127    i.SysTick_Handler   stm32f10x_it.o
    0x0800181a   0x00000002   PAD
    0x0800181c   0x00000050   Code   RO          912    i.SystemInit        system_stm32f10x.o
    0x0800186c   0x00000040   Code   RO          261    i.TIM3_CH1_Mode_Config  tim3_pwm_output.o
    0x080018ac   0x00000040   Code   RO          262    i.TIM3_CH2_Mode_Config  tim3_pwm_output.o
    0x080018ec   0x00000028   Code   RO          263    i.TIM3_Mode_Config  tim3_pwm_output.o
    0x08001914   0x00000048   Code   RO          264    i.TIM3_PWM_Init     tim3_pwm_output.o
    0x0800195c   0x0000004c   Code   RO          266    i.TIM3_direction_gpio_config  tim3_pwm_output.o
    0x080019a8   0x00000040   Code   RO          850    i.TIM4_CH3_Mode_Config  tim4_pwm_output.o
    0x080019e8   0x00000078   Code   RO          851    i.TIM4_CH3_direction_action  tim4_pwm_output.o
    0x08001a60   0x00000040   Code   RO          852    i.TIM4_CH4_Mode_Config  tim4_pwm_output.o
    0x08001aa0   0x00000028   Code   RO          853    i.TIM4_Mode_Config  tim4_pwm_output.o
    0x08001ac8   0x0000004c   Code   RO          854    i.TIM4_PWM_Init     tim4_pwm_output.o
    0x08001b14   0x0000004c   Code   RO          855    i.TIM4_direction_gpio_config  tim4_pwm_output.o
    0x08001b60   0x00000014   Code   RO         2059    i.TIM_ARRPreloadConfig  stm32f10x_tim.o
    0x08001b74   0x00000014   Code   RO         2071    i.TIM_Cmd           stm32f10x_tim.o
    0x08001b88   0x00000080   Code   RO         2100    i.TIM_OC1Init       stm32f10x_tim.o
    0x08001c08   0x0000000c   Code   RO         2103    i.TIM_OC1PreloadConfig  stm32f10x_tim.o
    0x08001c14   0x00000080   Code   RO         2105    i.TIM_OC2Init       stm32f10x_tim.o
    0x08001c94   0x00000014   Code   RO         2108    i.TIM_OC2PreloadConfig  stm32f10x_tim.o
    0x08001ca8   0x0000007c   Code   RO         2110    i.TIM_OC3Init       stm32f10x_tim.o
    0x08001d24   0x0000000c   Code   RO         2113    i.TIM_OC3PreloadConfig  stm32f10x_tim.o
    0x08001d30   0x00000064   Code   RO         2115    i.TIM_OC4Init       stm32f10x_tim.o
    0x08001d94   0x00000014   Code   RO         2117    i.TIM_OC4PreloadConfig  stm32f10x_tim.o
    0x08001da8   0x0000009c   Code   RO         2142    i.TIM_TimeBaseInit  stm32f10x_tim.o
    0x08001e44   0x000000ac   Code   RO          197    i.USART1_Config     bsp_usart1.o
    0x08001ef0   0x00000024   Code   RO          128    i.USART1_IRQHandler  stm32f10x_it.o
    0x08001f14   0x00000014   Code   RO         2602    i.USART_Cmd         stm32f10x_usart.o
    0x08001f28   0x0000000e   Code   RO         2605    i.USART_GetFlagStatus  stm32f10x_usart.o
    0x08001f36   0x0000003e   Code   RO         2606    i.USART_GetITStatus  stm32f10x_usart.o
    0x08001f74   0x00000030   Code   RO         2608    i.USART_ITConfig    stm32f10x_usart.o
    0x08001fa4   0x000000ac   Code   RO         2609    i.USART_Init        stm32f10x_usart.o
    0x08002050   0x00000008   Code   RO         2616    i.USART_ReceiveData  stm32f10x_usart.o
    0x08002058   0x00000008   Code   RO         2619    i.USART_SendData    stm32f10x_usart.o
    0x08002060   0x00000002   Code   RO          129    i.UsageFault_Handler  stm32f10x_it.o
    0x08002062   0x00000002   PAD
    0x08002064   0x00000020   Code   RO         3288    i.__0printf         mc_w.l(printfa.o)
    0x08002084   0x00000028   Code   RO         3358    i.__ARM_fpclassify  m_ws.l(fpclassify.o)
    0x080020ac   0x000000aa   Code   RO         3360    i.__kernel_poly     m_ws.l(poly.o)
    0x08002156   0x00000002   PAD
    0x08002158   0x00000010   Code   RO         3356    i.__mathlib_dbl_underflow  m_ws.l(dunder.o)
    0x08002168   0x0000000e   Code   RO         3420    i.__scatterload_copy  mc_w.l(handlers.o)
    0x08002176   0x00000002   Code   RO         3421    i.__scatterload_null  mc_w.l(handlers.o)
    0x08002178   0x0000000e   Code   RO         3422    i.__scatterload_zeroinit  mc_w.l(handlers.o)
    0x08002186   0x00000002   PAD
    0x08002188   0x0000000c   Code   RO         3396    i.__set_errno       mc_w.l(errno.o)
    0x08002194   0x00000164   Code   RO         3295    i._fp_digits        mc_w.l(printfa.o)
    0x080022f8   0x000006dc   Code   RO         3296    i._printf_core      mc_w.l(printfa.o)
    0x080029d4   0x00000024   Code   RO         3297    i._printf_post_padding  mc_w.l(printfa.o)
    0x080029f8   0x0000002e   Code   RO         3298    i._printf_pre_padding  mc_w.l(printfa.o)
    0x08002a26   0x00000002   PAD
    0x08002a28   0x00000080   Code   RO          495    i.accel_self_test   anbt_dmp_mpu6050.o
    0x08002aa8   0x0000027c   Code   RO         3029    i.asin              m_ws.l(asin.o)
    0x08002d24   0x00000224   Code   RO         3347    i.atan              m_ws.l(atan.o)
    0x08002f48   0x00000180   Code   RO         3039    i.atan2             m_ws.l(atan2.o)
    0x080030c8   0x0000003a   Code   RO          314    i.dmp_enable_6x_lp_quat  anbt_dmp_driver.o
    0x08003102   0x00000002   PAD
    0x08003104   0x000001dc   Code   RO          315    i.dmp_enable_feature  anbt_dmp_driver.o
    0x080032e0   0x00000038   Code   RO          316    i.dmp_enable_gyro_cal  anbt_dmp_driver.o
    0x08003318   0x0000003a   Code   RO          317    i.dmp_enable_lp_quat  anbt_dmp_driver.o
    0x08003352   0x00000002   PAD
    0x08003354   0x00000014   Code   RO          322    i.dmp_load_motion_driver_firmware  anbt_dmp_driver.o
    0x08003368   0x00000144   Code   RO          323    i.dmp_read_fifo     anbt_dmp_driver.o
    0x080034ac   0x000000d8   Code   RO          326    i.dmp_set_accel_bias  anbt_dmp_driver.o
    0x08003584   0x00000064   Code   RO          327    i.dmp_set_fifo_rate  anbt_dmp_driver.o
    0x080035e8   0x000000cc   Code   RO          328    i.dmp_set_gyro_bias  anbt_dmp_driver.o
    0x080036b4   0x0000010c   Code   RO          330    i.dmp_set_orientation  anbt_dmp_driver.o
    0x080037c0   0x00000030   Code   RO          333    i.dmp_set_shake_reject_thresh  anbt_dmp_driver.o
    0x080037f0   0x00000020   Code   RO          334    i.dmp_set_shake_reject_time  anbt_dmp_driver.o
    0x08003810   0x00000020   Code   RO          335    i.dmp_set_shake_reject_timeout  anbt_dmp_driver.o
    0x08003830   0x00000040   Code   RO          336    i.dmp_set_tap_axes  anbt_dmp_driver.o
    0x08003870   0x00000022   Code   RO          337    i.dmp_set_tap_count  anbt_dmp_driver.o
    0x08003892   0x00000002   PAD
    0x08003894   0x00000128   Code   RO          338    i.dmp_set_tap_thresh  anbt_dmp_driver.o
    0x080039bc   0x00000020   Code   RO          339    i.dmp_set_tap_time  anbt_dmp_driver.o
    0x080039dc   0x00000020   Code   RO          340    i.dmp_set_tap_time_multi  anbt_dmp_driver.o
    0x080039fc   0x00000024   Code   RO          199    i.fputc             bsp_usart1.o
    0x08003a20   0x000000a8   Code   RO          496    i.get_accel_prod_shift  anbt_dmp_mpu6050.o
    0x08003ac8   0x00000314   Code   RO          497    i.get_st_biases     anbt_dmp_mpu6050.o
    0x08003ddc   0x000000d8   Code   RO          498    i.gyro_self_test    anbt_dmp_mpu6050.o
    0x08003eb4   0x00000048   Code   RO          499    i.inv_row_2_scale   anbt_dmp_mpu6050.o
    0x08003efc   0x0000020c   Code   RO            3    i.main              main.o
    0x08004108   0x00000058   Code   RO          500    i.mpu_configure_fifo  anbt_dmp_mpu6050.o
    0x08004160   0x0000003c   Code   RO          501    i.mpu_get_accel_fsr  anbt_dmp_mpu6050.o
    0x0800419c   0x00000044   Code   RO          502    i.mpu_get_accel_sens  anbt_dmp_mpu6050.o
    0x080041e0   0x00000034   Code   RO          504    i.mpu_get_gyro_fsr  anbt_dmp_mpu6050.o
    0x08004214   0x00000040   Code   RO          505    i.mpu_get_gyro_sens  anbt_dmp_mpu6050.o
    0x08004254   0x00000038   Code   RO          506    i.mpu_get_lpf       anbt_dmp_mpu6050.o
    0x0800428c   0x0000001c   Code   RO          507    i.mpu_get_sample_rate  anbt_dmp_mpu6050.o
    0x080042a8   0x000000a4   Code   RO          508    i.mpu_load_firmware  anbt_dmp_mpu6050.o
    0x0800434c   0x000000b8   Code   RO          509    i.mpu_lp_accel_mode  anbt_dmp_mpu6050.o
    0x08004404   0x00000090   Code   RO          510    i.mpu_read_fifo_stream  anbt_dmp_mpu6050.o
    0x08004494   0x00000054   Code   RO          511    i.mpu_read_mem      anbt_dmp_mpu6050.o
    0x080044e8   0x0000015c   Code   RO          512    i.mpu_reset_fifo    anbt_dmp_mpu6050.o
    0x08004644   0x000000f0   Code   RO          513    i.mpu_run_self_test  anbt_dmp_mpu6050.o
    0x08004734   0x00000068   Code   RO          514    i.mpu_set_accel_fsr  anbt_dmp_mpu6050.o
    0x0800479c   0x000000dc   Code   RO          515    i.mpu_set_bypass    anbt_dmp_mpu6050.o
    0x08004878   0x00000078   Code   RO          516    i.mpu_set_dmp_state  anbt_dmp_mpu6050.o
    0x080048f0   0x0000006c   Code   RO          517    i.mpu_set_gyro_fsr  anbt_dmp_mpu6050.o
    0x0800495c   0x00000064   Code   RO          518    i.mpu_set_int_latched  anbt_dmp_mpu6050.o
    0x080049c0   0x0000006c   Code   RO          519    i.mpu_set_lpf       anbt_dmp_mpu6050.o
    0x08004a2c   0x00000078   Code   RO          520    i.mpu_set_sample_rate  anbt_dmp_mpu6050.o
    0x08004aa4   0x000000b8   Code   RO          521    i.mpu_set_sensors   anbt_dmp_mpu6050.o
    0x08004b5c   0x00000054   Code   RO          522    i.mpu_write_mem     anbt_dmp_mpu6050.o
    0x08004bb0   0x0000007a   Code   RO          523    i.run_self_test     anbt_dmp_mpu6050.o
    0x08004c2a   0x00000002   PAD
    0x08004c2c   0x00000054   Code   RO          524    i.set_int_enable    anbt_dmp_mpu6050.o
    0x08004c80   0x0000004c   Code   RO         3364    i.sqrt              m_ws.l(sqrt.o)
    0x08004ccc   0x00000bf6   Data   RO          342    .constdata          anbt_dmp_driver.o
    0x080058c2   0x0000001b   Data   RO          526    .constdata          anbt_dmp_mpu6050.o
    0x080058dd   0x00000001   PAD
    0x080058de   0x0000000c   Data   RO          527    .constdata          anbt_dmp_mpu6050.o
    0x080058ea   0x00000002   PAD
    0x080058ec   0x00000028   Data   RO          528    .constdata          anbt_dmp_mpu6050.o
    0x08005914   0x00000004   PAD
    0x08005918   0x00000050   Data   RO         3030    .constdata          m_ws.l(asin.o)
    0x08005968   0x00000098   Data   RO         3348    .constdata          m_ws.l(atan.o)
    0x08005a00   0x00000008   Data   RO         3362    .constdata          m_ws.l(qnan.o)
    0x08005a08   0x00000020   Data   RO         3418    Region$$Table       anon$$obj.o


    Execution Region RW_IRAM1 (Base: 0x20000000, Size: 0x000008a0, Max: 0x0000c000, ABSOLUTE)

    Base Addr    Size         Type   Attr      Idx    E Section Name        Object

    0x20000000   0x0000004c   Data   RW          529    .data               anbt_dmp_mpu6050.o
    0x2000004c   0x00000004   PAD
    0x20000050   0x00000010   Data   RW          830    .data               pid.o
    0x20000060   0x00000014   Data   RW         1729    .data               stm32f10x_rcc.o
    0x20000074   0x00000004   Data   RW         3385    .data               mc_w.l(stdout.o)
    0x20000078   0x00000004   Data   RW         3397    .data               mc_w.l(errno.o)
    0x2000007c   0x00000010   Zero   RW          341    .bss                anbt_dmp_driver.o
    0x2000008c   0x00000004   PAD
    0x20000090   0x00000010   Zero   RW          829    .bss                pid.o
    0x200000a0   0x00000800   Zero   RW          901    STACK               startup_stm32f10x_hd.o


==============================================================================

Image component sizes


      Code (inc. data)   RO Data    RW Data    ZI Data      Debug   Object Name

      2350        118       3062          0         16      17550   anbt_dmp_driver.o
      5414        704         79         76          0      27373   anbt_dmp_mpu6050.o
       962         68          0          0          0       7787   anbt_i2c.o
       208         16          0          0          0       1096   bsp_usart1.o
       324         50          0          0          0      11663   dma_stm32f10x.o
       524         42          0          0          0     255111   main.o
       120         16          0          0          0       1595   misc.o
       176         24          0         16         16        584   pid.o
        36          8        304          0       2048        788   startup_stm32f10x_hd.o
       178          0          0          0          0       3544   stm32f10x_gpio.o
        54          6          0          0          0       3870   stm32f10x_it.o
       196         28          0         20          0       4526   stm32f10x_rcc.o
       740         90          0          0          0       8259   stm32f10x_tim.o
       332          6          0          0          0       5993   stm32f10x_usart.o
       248         24          0          0          0       1553   system_stm32f10x.o
        38          0          0          0          0       1154   systick_delay.o
       316         20          0          0          0       2918   tim3_pwm_output.o
       440         32          0          0          0       3494   tim4_pwm_output.o

    ----------------------------------------------------------------------
     12692       1252       3484        116       2084     358858   Object Totals
         0          0         32          0          0          0   (incl. Generated)
        36          0          7          4          4          0   (incl. Padding)

    ----------------------------------------------------------------------

      Code (inc. data)   RO Data    RW Data    ZI Data      Debug   Library Member Name

       636         52         80          0          0        168   asin.o
       548         70        152          0          0        124   atan.o
       384         38          0          0          0        144   atan2.o
        16          6          0          0          0         68   dunder.o
        40          0          0          0          0         68   fpclassify.o
       170          0          0          0          0         96   poly.o
         0          0          8          0          0          0   qnan.o
        76          0          0          0          0         84   sqrt.o
         0          0          0          0          0          0   entry.o
         0          0          0          0          0          0   entry10a.o
         0          0          0          0          0          0   entry11a.o
         8          4          0          0          0          0   entry2.o
         4          0          0          0          0          0   entry5.o
         0          0          0          0          0          0   entry7b.o
         0          0          0          0          0          0   entry8b.o
         8          4          0          0          0          0   entry9a.o
        12          6          0          4          0         68   errno.o
        30          0          0          0          0          0   handlers.o
        36          8          0          0          0         68   init.o
         0          0          0          0          0          0   iusefp.o
        90          0          0          0          0         84   ldiv.o
        30          0          0          0          0         68   llshl.o
        36          0          0          0          0         68   llsshr.o
        32          0          0          0          0         68   llushr.o
        26          0          0          0          0         80   memcmp.o
        36          0          0          0          0        108   memseta.o
      2226         90          0          0          0        444   printfa.o
         0          0          0          4          0          0   stdout.o
        44          0          0          0          0         80   uidiv.o
        98          0          0          0          0         92   uldiv.o
        40          2          0          0          0         68   cdcmple.o
        40          2          0          0          0         68   cdrcmple.o
        20          0          0          0          0         68   cfrcmple.o
        56          0          0          0          0         88   d2f.o
       334          0          0          0          0        148   dadd.o
       222          0          0          0          0        100   ddiv.o
       182          0          0          0          0        176   depilogue.o
        48          0          0          0          0         68   dfixul.o
       228          0          0          0          0         96   dmul.o
        46          0          0          0          0         80   dscalb.o
       162          0          0          0          0        100   dsqrt.o
        38          0          0          0          0         68   f2d.o
       176          0          0          0          0        140   fadd.o
       124          0          0          0          0         88   fdiv.o
       110          0          0          0          0        168   fepilogue.o
        50          0          0          0          0         68   ffixi.o
        40          0          0          0          0         68   ffixui.o
        18          0          0          0          0         68   fflti.o
        10          0          0          0          0         68   ffltui.o
       100          0          0          0          0         76   fmul.o
        24          0          0          0          0         68   fscalb.o

    ----------------------------------------------------------------------
      6664        282        240          8          0       3920   Library Totals
        10          0          0          0          0          0   (incl. Padding)

    ----------------------------------------------------------------------

      Code (inc. data)   RO Data    RW Data    ZI Data      Debug   Library Name

      1870        166        240          0          0        752   m_ws.l
      2716        112          0          8          0       1228   mc_w.l
      2068          4          0          0          0       1940   mf_w.l

    ----------------------------------------------------------------------
      6664        282        240          8          0       3920   Library Totals

    ----------------------------------------------------------------------

==============================================================================


      Code (inc. data)   RO Data    RW Data    ZI Data      Debug   

     19356       1534       3724        124       2084     353726   Grand Totals
     19356       1534       3724        124       2084     353726   ELF Image Totals
     19356       1534       3724        124          0          0   ROM Totals

==============================================================================

    Total RO  Size (Code + RO Data)                23080 (  22.54kB)
    Total RW  Size (RW Data + ZI Data)              2208 (   2.16kB)
    Total ROM Size (Code + RO Data + RW Data)      23204 (  22.66kB)

==============================================================================

