<html>
<body>
<pre>
<h1>礦ision Build Log</h1>
<h2>Project:</h2>
E:\2\sitp9\sitp9结题电控\平衡云台.uvprojx
Project File Date:  05/24/2015

<h2>Output:</h2>
Rebuild target 'Target 1'
compiling main.c...
compiling stm32f10x_it.c...
compiling bsp_usart1.c...
compiling systick_delay.c...
compiling TIM3_pwm_output.c...
compiling anbt_dmp_driver.c...
compiling anbt_dmp_mpu6050.c...
compiling anbt_i2c.c...
compiling pid.c...
compiling TIM4_pwm_output.c...
assembling startup_stm32f10x_hd.s...
compiling system_stm32f10x.c...
compiling misc.c...
compiling stm32f10x_adc.c...
compiling stm32f10x_dma.c...
compiling stm32f10x_exti.c...
compiling stm32f10x_gpio.c...
compiling stm32f10x_i2c.c...
compiling stm32f10x_rcc.c...
compiling stm32f10x_spi.c...
compiling stm32f10x_tim.c...
compiling stm32f10x_usart.c...
compiling DMA_STM32F10x.c...
compiling GPIO_STM32F10x.c...
linking...
Program Size: Code=19356 RO-data=3724 RW-data=124 ZI-data=2084  
FromELF: creating hex file...
".\平衡云台.axf" - 0 Error(s), 0 Warning(s).

<h2>Software Packages used:</h2>

Package Vendor: ARM
                http://www.keil.com/pack/ARM.CMSIS.4.1.1.pack
                ARM::CMSIS:CORE:3.30.0
                CMSIS (Cortex Microcontroller Software Interface Standard)
   * Component: CORE Version: 3.30.0
   * Component: DSP Version: 1.4.2

Package Vendor: Keil
                http://www.keil.com/pack/Keil.STM32F1xx_DFP.1.0.5.pack
                Keil::Device:StdPeriph Drivers:SPI:3.5.0
                STMicroelectronics STM32F1 Series Device Support, Drivers and Examples
   * Component: SPI Version: 3.5.0
   * Component: USART Version: 3.5.0
   * Component: GPIO Version: 1.01.0
   * Component: TIM Version: 3.5.0
   * Component: RCC Version: 3.5.0
   * Component: I2C Version: 3.5.0
   * Component: GPIO Version: 3.5.0
   * Component: DMA Version: 1.01.0
   * Component: Startup Version: 1.0.0
   * Component: ADC Version: 3.5.0
   * Component: DMA Version: 3.5.0
   * Component: EXTI Version: 3.5.0
   * Component: Framework Version: 3.5.1

<h2>Collection of Component include folders:</h2>
  E:\2\sitp9\sitp9结题电控\RTE
  E:\2\sitp9\sitp9结题电控\RTE\Device\STM32F103RC
  d:\Keil_v5\ARM\PACK\ARM\CMSIS\4.1.1\CMSIS\Include
  d:\Keil_v5\ARM\PACK\Keil\STM32F1xx_DFP\1.0.5\Device\Include
  d:\Keil_v5\ARM\PACK\Keil\STM32F1xx_DFP\1.0.5\Device\StdPeriph_Driver\inc
  d:\Keil_v5\ARM\PACK\Keil\STM32F1xx_DFP\1.0.5\RTE_Driver

<h2>Collection of Component Files used:</h2>

   * Component: ARM::CMSIS:CORE:3.30.0
      Source file:   CMSIS\UserCodeTemplates\ARM\ITM_Retarget.c

   * Component: ARM::CMSIS:DSP:1.4.2
      Library file:  CMSIS\Lib\ARM\arm_cortexM3l_math.lib
      Include file:  CMSIS\Include\arm_math.h

   * Component: Keil::Device:StdPeriph Drivers:SPI:3.5.0
      Source file:   Device\StdPeriph_Driver\src\stm32f10x_spi.c
      Include file:  Device\StdPeriph_Driver\inc\stm32f10x_spi.h

   * Component: Keil::Device:StdPeriph Drivers:USART:3.5.0
      Include file:  Device\StdPeriph_Driver\inc\stm32f10x_usart.h
      Source file:   Device\StdPeriph_Driver\src\stm32f10x_usart.c

   * Component: Keil::Device:GPIO:1.01.0
      Include file:  RTE_Driver\GPIO_STM32F10x.h
      Source file:   RTE_Driver\GPIO_STM32F10x.c

   * Component: Keil::Device:StdPeriph Drivers:TIM:3.5.0
      Include file:  Device\StdPeriph_Driver\inc\stm32f10x_tim.h
      Source file:   Device\StdPeriph_Driver\src\stm32f10x_tim.c

   * Component: Keil::Device:StdPeriph Drivers:RCC:3.5.0
      Source file:   Device\StdPeriph_Driver\src\stm32f10x_rcc.c
      Include file:  Device\StdPeriph_Driver\inc\stm32f10x_rcc.h

   * Component: Keil::Device:StdPeriph Drivers:I2C:3.5.0
      Include file:  Device\StdPeriph_Driver\inc\stm32f10x_i2c.h
      Source file:   Device\StdPeriph_Driver\src\stm32f10x_i2c.c

   * Component: Keil::Device:StdPeriph Drivers:GPIO:3.5.0
      Source file:   Device\StdPeriph_Driver\src\stm32f10x_gpio.c
      Include file:  Device\StdPeriph_Driver\inc\stm32f10x_gpio.h

   * Component: Keil::Device:DMA:1.01.0
      Include file:  RTE_Driver\DMA_STM32F10x.h
      Source file:   RTE_Driver\DMA_STM32F10x.c

   * Component: Keil::Device:Startup:1.0.0
      Source file:   Device\Source\ARM\startup_stm32f10x_hd.s
      Source file:   Device\Source\system_stm32f10x.c
      Include file:  RTE_Driver\Config\RTE_Device.h
      Source file:   Device\Source\ARM\STM32F1xx_OPT.s

   * Component: Keil::Device:StdPeriph Drivers:ADC:3.5.0
      Source file:   Device\StdPeriph_Driver\src\stm32f10x_adc.c
      Include file:  Device\StdPeriph_Driver\inc\stm32f10x_adc.h

   * Component: Keil::Device:StdPeriph Drivers:DMA:3.5.0
      Source file:   Device\StdPeriph_Driver\src\stm32f10x_dma.c
      Include file:  Device\StdPeriph_Driver\inc\stm32f10x_dma.h

   * Component: Keil::Device:StdPeriph Drivers:EXTI:3.5.0
      Source file:   Device\StdPeriph_Driver\src\stm32f10x_exti.c
      Include file:  Device\StdPeriph_Driver\inc\stm32f10x_exti.h

   * Component: Keil::Device:StdPeriph Drivers:Framework:3.5.1
      Source file:   Device\StdPeriph_Driver\templates\stm32f10x_conf.h
      Source file:   Device\StdPeriph_Driver\templates\stm32f10x_it.c
      Source file:   Device\StdPeriph_Driver\src\misc.c
Load "E:\\2\\sitp9\\sitp9结题电控\\平衡云台.axf" 
Erase Done.
Programming Done.
Verify OK.
Application running ...

"TIM3_pwm\TIM3_pwm_output.c" - 0 Error(s), 0 Warning(s).
